Archive member included to satisfy reference by file (symbol)

d:/st/stm32cubeide_1.9.0/stm32cubeide/plugins/com.st.stm32cube.ide.mcu.externaltools.gnu-tools-for-stm32.10.3-2021.10.win32_1.0.0.202111181127/tools/bin/../lib/gcc/arm-none-eabi/10.3.1/../../../../arm-none-eabi/lib/thumb/v7e-m+fp/hard\libc_nano.a(lib_a-errno.o)
                              ./Core/Src/syscalls.o (__errno)
d:/st/stm32cubeide_1.9.0/stm32cubeide/plugins/com.st.stm32cube.ide.mcu.externaltools.gnu-tools-for-stm32.10.3-2021.10.win32_1.0.0.202111181127/tools/bin/../lib/gcc/arm-none-eabi/10.3.1/../../../../arm-none-eabi/lib/thumb/v7e-m+fp/hard\libc_nano.a(lib_a-exit.o)
                              d:/st/stm32cubeide_1.9.0/stm32cubeide/plugins/com.st.stm32cube.ide.mcu.externaltools.gnu-tools-for-stm32.10.3-2021.10.win32_1.0.0.202111181127/tools/bin/../lib/gcc/arm-none-eabi/10.3.1/../../../../arm-none-eabi/lib/thumb/v7e-m+fp/hard/crt0.o (exit)
d:/st/stm32cubeide_1.9.0/stm32cubeide/plugins/com.st.stm32cube.ide.mcu.externaltools.gnu-tools-for-stm32.10.3-2021.10.win32_1.0.0.202111181127/tools/bin/../lib/gcc/arm-none-eabi/10.3.1/../../../../arm-none-eabi/lib/thumb/v7e-m+fp/hard\libc_nano.a(lib_a-findfp.o)
                              ./Middlewares/Third_Party/FreeRTOS/Source/tasks.o (__sf_fake_stderr)
d:/st/stm32cubeide_1.9.0/stm32cubeide/plugins/com.st.stm32cube.ide.mcu.externaltools.gnu-tools-for-stm32.10.3-2021.10.win32_1.0.0.202111181127/tools/bin/../lib/gcc/arm-none-eabi/10.3.1/../../../../arm-none-eabi/lib/thumb/v7e-m+fp/hard\libc_nano.a(lib_a-fwalk.o)
                              d:/st/stm32cubeide_1.9.0/stm32cubeide/plugins/com.st.stm32cube.ide.mcu.externaltools.gnu-tools-for-stm32.10.3-2021.10.win32_1.0.0.202111181127/tools/bin/../lib/gcc/arm-none-eabi/10.3.1/../../../../arm-none-eabi/lib/thumb/v7e-m+fp/hard\libc_nano.a(lib_a-findfp.o) (_fwalk)
d:/st/stm32cubeide_1.9.0/stm32cubeide/plugins/com.st.stm32cube.ide.mcu.externaltools.gnu-tools-for-stm32.10.3-2021.10.win32_1.0.0.202111181127/tools/bin/../lib/gcc/arm-none-eabi/10.3.1/../../../../arm-none-eabi/lib/thumb/v7e-m+fp/hard\libc_nano.a(lib_a-impure.o)
                              d:/st/stm32cubeide_1.9.0/stm32cubeide/plugins/com.st.stm32cube.ide.mcu.externaltools.gnu-tools-for-stm32.10.3-2021.10.win32_1.0.0.202111181127/tools/bin/../lib/gcc/arm-none-eabi/10.3.1/../../../../arm-none-eabi/lib/thumb/v7e-m+fp/hard\libc_nano.a(lib_a-exit.o) (_global_impure_ptr)
d:/st/stm32cubeide_1.9.0/stm32cubeide/plugins/com.st.stm32cube.ide.mcu.externaltools.gnu-tools-for-stm32.10.3-2021.10.win32_1.0.0.202111181127/tools/bin/../lib/gcc/arm-none-eabi/10.3.1/../../../../arm-none-eabi/lib/thumb/v7e-m+fp/hard\libc_nano.a(lib_a-init.o)
                              d:/st/stm32cubeide_1.9.0/stm32cubeide/plugins/com.st.stm32cube.ide.mcu.externaltools.gnu-tools-for-stm32.10.3-2021.10.win32_1.0.0.202111181127/tools/bin/../lib/gcc/arm-none-eabi/10.3.1/../../../../arm-none-eabi/lib/thumb/v7e-m+fp/hard/crt0.o (__libc_init_array)
d:/st/stm32cubeide_1.9.0/stm32cubeide/plugins/com.st.stm32cube.ide.mcu.externaltools.gnu-tools-for-stm32.10.3-2021.10.win32_1.0.0.202111181127/tools/bin/../lib/gcc/arm-none-eabi/10.3.1/../../../../arm-none-eabi/lib/thumb/v7e-m+fp/hard\libc_nano.a(lib_a-lock.o)
                              d:/st/stm32cubeide_1.9.0/stm32cubeide/plugins/com.st.stm32cube.ide.mcu.externaltools.gnu-tools-for-stm32.10.3-2021.10.win32_1.0.0.202111181127/tools/bin/../lib/gcc/arm-none-eabi/10.3.1/../../../../arm-none-eabi/lib/thumb/v7e-m+fp/hard\libc_nano.a(lib_a-findfp.o) (__retarget_lock_init_recursive)
d:/st/stm32cubeide_1.9.0/stm32cubeide/plugins/com.st.stm32cube.ide.mcu.externaltools.gnu-tools-for-stm32.10.3-2021.10.win32_1.0.0.202111181127/tools/bin/../lib/gcc/arm-none-eabi/10.3.1/../../../../arm-none-eabi/lib/thumb/v7e-m+fp/hard\libc_nano.a(lib_a-memcpy-stub.o)
                              ./Middlewares/Third_Party/FreeRTOS/Source/CMSIS_RTOS_V2/cmsis_os2.o (memcpy)
d:/st/stm32cubeide_1.9.0/stm32cubeide/plugins/com.st.stm32cube.ide.mcu.externaltools.gnu-tools-for-stm32.10.3-2021.10.win32_1.0.0.202111181127/tools/bin/../lib/gcc/arm-none-eabi/10.3.1/../../../../arm-none-eabi/lib/thumb/v7e-m+fp/hard\libc_nano.a(lib_a-memset.o)
                              d:/st/stm32cubeide_1.9.0/stm32cubeide/plugins/com.st.stm32cube.ide.mcu.externaltools.gnu-tools-for-stm32.10.3-2021.10.win32_1.0.0.202111181127/tools/bin/../lib/gcc/arm-none-eabi/10.3.1/../../../../arm-none-eabi/lib/thumb/v7e-m+fp/hard/crt0.o (memset)
d:/st/stm32cubeide_1.9.0/stm32cubeide/plugins/com.st.stm32cube.ide.mcu.externaltools.gnu-tools-for-stm32.10.3-2021.10.win32_1.0.0.202111181127/tools/bin/../lib/gcc/arm-none-eabi/10.3.1/../../../../arm-none-eabi/lib/thumb/v7e-m+fp/hard\libc_nano.a(lib_a-nano-mallocr.o)
[...]
Memory Configuration

Name             Origin             Length             Attributes
RAM              0x0000000020000000 0x0000000000010000 xrw
FLASH            0x0000000008000000 0x0000000000040000 xr
*default*        0x0000000000000000 0xffffffffffffffff

Linker script and memory map

LOAD d:/st/stm32cubeide_1.9.0/stm32cubeide/plugins/com.st.stm32cube.ide.mcu.externaltools.gnu-tools-for-stm32.10.3-2021.10.win32_1.0.0.202111181127/tools/bin/../lib/gcc/arm-none-eabi/10.3.1/thumb/v7e-m+fp/hard/crti.o
LOAD d:/st/stm32cubeide_1.9.0/stm32cubeide/plugins/com.st.stm32cube.ide.mcu.externaltools.gnu-tools-for-stm32.10.3-2021.10.win32_1.0.0.202111181127/tools/bin/../lib/gcc/arm-none-eabi/10.3.1/thumb/v7e-m+fp/hard/crtbegin.o
LOAD d:/st/stm32cubeide_1.9.0/stm32cubeide/plugins/com.st.stm32cube.ide.mcu.externaltools.gnu-tools-for-stm32.10.3-2021.10.win32_1.0.0.202111181127/tools/bin/../lib/gcc/arm-none-eabi/10.3.1/../../../../arm-none-eabi/lib/thumb/v7e-m+fp/hard/crt0.o
LOAD ./Core/Src/SDcard.o
LOAD ./Core/Src/fatfs_sd.o
LOAD ./Core/Src/freertos.o
LOAD ./Core/Src/gpio.o
LOAD ./Core/Src/main.o
LOAD ./Core/Src/spi.o
LOAD ./Core/Src/stm32f4xx_hal_msp.o
LOAD ./Core/Src/stm32f4xx_hal_timebase_tim.o
LOAD ./Core/Src/stm32f4xx_it.o
LOAD ./Core/Src/syscalls.o
LOAD ./Core/Src/sysmem.o
LOAD ./Core/Src/system_stm32f4xx.o
LOAD ./Core/Startup/startup_stm32f401ccux.o
LOAD ./Drivers/STM32F4xx_HAL_Driver/Src/stm32f4xx_hal.o
LOAD ./Drivers/STM32F4xx_HAL_Driver/Src/stm32f4xx_hal_cortex.o
LOAD ./Drivers/STM32F4xx_HAL_Driver/Src/stm32f4xx_hal_dma.o
LOAD ./Drivers/STM32F4xx_HAL_Driver/Src/stm32f4xx_hal_dma_ex.o
LOAD ./Drivers/STM32F4xx_HAL_Driver/Src/stm32f4xx_hal_exti.o
LOAD ./Drivers/STM32F4xx_HAL_Driver/Src/stm32f4xx_hal_flash.o
LOAD ./Drivers/STM32F4xx_HAL_Driver/Src/stm32f4xx_hal_flash_ex.o
LOAD ./Drivers/STM32F4xx_HAL_Driver/Src/stm32f4xx_hal_flash_ramfunc.o
LOAD ./Drivers/STM32F4xx_HAL_Driver/Src/stm32f4xx_hal_gpio.o
LOAD ./Drivers/STM32F4xx_HAL_Driver/Src/stm32f4xx_hal_pcd.o
LOAD ./Drivers/STM32F4xx_HAL_Driver/Src/stm32f4xx_hal_pcd_ex.o
LOAD ./Drivers/STM32F4xx_HAL_Driver/Src/stm32f4xx_hal_pwr.o
LOAD ./Drivers/STM32F4xx_HAL_Driver/Src/stm32f4xx_hal_pwr_ex.o
LOAD ./Drivers/STM32F4xx_HAL_Driver/Src/stm32f4xx_hal_rcc.o
LOAD ./Drivers/STM32F4xx_HAL_Driver/Src/stm32f4xx_hal_rcc_ex.o
LOAD ./Drivers/STM32F4xx_HAL_Driver/Src/stm32f4xx_hal_spi.o
LOAD ./Drivers/STM32F4xx_HAL_Driver/Src/stm32f4xx_hal_tim.o
LOAD ./Drivers/STM32F4xx_HAL_Driver/Src/stm32f4xx_hal_tim_ex.o
LOAD ./Drivers/STM32F4xx_HAL_Driver/Src/stm32f4xx_ll_usb.o
LOAD ./FATFS/App/fatfs.o
LOAD ./FATFS/Target/user_diskio.o
LOAD ./Middlewares/ST/STM32_USB_Device_Library/Class/CDC/Src/usbd_cdc.o
LOAD ./Middlewares/ST/STM32_USB_Device_Library/Core/Src/usbd_core.o
LOAD ./Middlewares/ST/STM32_USB_Device_Library/Core/Src/usbd_ctlreq.o
LOAD ./Middlewares/ST/STM32_USB_Device_Library/Core/Src/usbd_ioreq.o
LOAD ./Middlewares/Third_Party/FatFs/src/diskio.o
LOAD ./Middlewares/Third_Party/FatFs/src/ff.o
LOAD ./Middlewares/Third_Party/FatFs/src/ff_gen_drv.o
LOAD ./Middlewares/Third_Party/FatFs/src/option/ccsbcs.o
LOAD ./Middlewares/Third_Party/FatFs/src/option/syscall.o
LOAD ./Middlewares/Third_Party/FreeRTOS/Source/CMSIS_RTOS_V2/cmsis_os2.o
LOAD ./Middlewares/Third_Party/FreeRTOS/Source/croutine.o
LOAD ./Middlewares/Third_Party/FreeRTOS/Source/event_groups.o
LOAD ./Middlewares/Third_Party/FreeRTOS/Source/list.o
LOAD ./Middlewares/Third_Party/FreeRTOS/Source/queue.o
LOAD ./Middlewares/Third_Party/FreeRTOS/Source/stream_buffer.o
LOAD ./Middlewares/Third_Party/FreeRTOS/Source/tasks.o
LOAD ./Middlewares/Third_Party/FreeRTOS/Source/timers.o
LOAD ./Middlewares/Third_Party/FreeRTOS/Source/portable/GCC/ARM_CM4F/port.o
LOAD ./Middlewares/Third_Party/FreeRTOS/Source/portable/MemMang/heap_4.o
LOAD ./USB_DEVICE/App/usb_device.o
LOAD ./USB_DEVICE/App/usbd_cdc_if.o
LOAD ./USB_DEVICE/App/usbd_desc.o
LOAD ./USB_DEVICE/Target/usbd_conf.o
START GROUP
LOAD d:/st/stm32cubeide_1.9.0/stm32cubeide/plugins/com.st.stm32cube.ide.mcu.externaltools.gnu-tools-for-stm32.10.3-2021.10.win32_1.0.0.202111181127/tools/bin/../lib/gcc/arm-none-eabi/10.3.1/../../../../arm-none-eabi/lib/thumb/v7e-m+fp/hard\libc_nano.a
LOAD d:/st/stm32cubeide_1.9.0/stm32cubeide/plugins/com.st.stm32cube.ide.mcu.externaltools.gnu-tools-for-stm32.10.3-2021.10.win32_1.0.0.202111181127/tools/bin/../lib/gcc/arm-none-eabi/10.3.1/../../../../arm-none-eabi/lib/thumb/v7e-m+fp/hard\libm.a
END GROUP
START GROUP
LOAD d:/st/stm32cubeide_1.9.0/stm32cubeide/plugins/com.st.stm32cube.ide.mcu.externaltools.gnu-tools-for-stm32.10.3-2021.10.win32_1.0.0.202111181127/tools/bin/../lib/gcc/arm-none-eabi/10.3.1/thumb/v7e-m+fp/hard\libgcc.a
LOAD d:/st/stm32cubeide_1.9.0/stm32cubeide/plugins/com.st.stm32cube.ide.mcu.externaltools.gnu-tools-for-stm32.10.3-2021.10.win32_1.0.0.202111181127/tools/bin/../lib/gcc/arm-none-eabi/10.3.1/../../../../arm-none-eabi/lib/thumb/v7e-m+fp/hard\libc_nano.a
END GROUP
START GROUP
LOAD d:/st/stm32cubeide_1.9.0/stm32cubeide/plugins/com.st.stm32cube.ide.mcu.externaltools.gnu-tools-for-stm32.10.3-2021.10.win32_1.0.0.202111181127/tools/bin/../lib/gcc/arm-none-eabi/10.3.1/thumb/v7e-m+fp/hard\libgcc.a
LOAD d:/st/stm32cubeide_1.9.0/stm32cubeide/plugins/com.st.stm32cube.ide.mcu.externaltools.gnu-tools-for-stm32.10.3-2021.10.win32_1.0.0.202111181127/tools/bin/../lib/gcc/arm-none-eabi/10.3.1/../../../../arm-none-eabi/lib/thumb/v7e-m+fp/hard\libc_nano.a
LOAD d:/st/stm32cubeide_1.9.0/stm32cubeide/plugins/com.st.stm32cube.ide.mcu.externaltools.gnu-tools-for-stm32.10.3-2021.10.win32_1.0.0.202111181127/tools/bin/../lib/gcc/arm-none-eabi/10.3.1/../../../../arm-none-eabi/lib/thumb/v7e-m+fp/hard\libnosys.a
END GROUP
START GROUP
LOAD d:/st/stm32cubeide_1.9.0/stm32cubeide/plugins/com.st.stm32cube.ide.mcu.externaltools.gnu-tools-for-stm32.10.3-2021.10.win32_1.0.0.202111181127/tools/bin/../lib/gcc/arm-none-eabi/10.3.1/thumb/v7e-m+fp/hard\libgcc.a
LOAD d:/st/stm32cubeide_1.9.0/stm32cubeide/plugins/com.st.stm32cube.ide.mcu.externaltools.gnu-tools-for-stm32.10.3-2021.10.win32_1.0.0.202111181127/tools/bin/../lib/gcc/arm-none-eabi/10.3.1/../../../../arm-none-eabi/lib/thumb/v7e-m+fp/hard\libc_nano.a
LOAD d:/st/stm32cubeide_1.9.0/stm32cubeide/plugins/com.st.stm32cube.ide.mcu.externaltools.gnu-tools-for-stm32.10.3-2021.10.win32_1.0.0.202111181127/tools/bin/../lib/gcc/arm-none-eabi/10.3.1/../../../../arm-none-eabi/lib/thumb/v7e-m+fp/hard\libnosys.a
END GROUP
LOAD d:/st/stm32cubeide_1.9.0/stm32cubeide/plugins/com.st.stm32cube.ide.mcu.externaltools.gnu-tools-for-stm32.10.3-2021.10.win32_1.0.0.202111181127/tools/bin/../lib/gcc/arm-none-eabi/10.3.1/thumb/v7e-m+fp/hard/crtend.o
LOAD d:/st/stm32cubeide_1.9.0/stm32cubeide/plugins/com.st.stm32cube.ide.mcu.externaltools.gnu-tools-for-stm32.10.3-2021.10.win32_1.0.0.202111181127/tools/bin/../lib/gcc/arm-none-eabi/10.3.1/thumb/v7e-m+fp/hard/crtn.o
                0x0000000020010000                _estack = (ORIGIN (RAM) + LENGTH (RAM))
                0x0000000000000200                _Min_Heap_Size = 0x200
                0x0000000000000400                _Min_Stack_Size = 0x400

.isr_vector     0x0000000008000000      0x194
                0x0000000008000000                . = ALIGN (0x4)
 *(.isr_vector)
 .isr_vector    0x0000000008000000      0x194 ./Core/Startup/startup_stm32f401ccux.o
                0x0000000008000000                g_pfnVectors
                0x0000000008000194                . = ALIGN (0x4)

.text           0x00000000080001a0    0x10f58
                0x00000000080001a0                . = ALIGN (0x4)
 *(.text)
 .text          0x00000000080001a0       0x40 d:/st/stm32cubeide_1.9.0/stm32cubeide/plugins/com.st.stm32cube.ide.mcu.externaltools.gnu-tools-for-stm32.10.3-2021.10.win32_1.0.0.202111181127/tools/bin/../lib/gcc/arm-none-eabi/10.3.1/thumb/v7e-m+fp/hard/crtbegin.o
 .text          0x00000000080001e0       0x10 d:/st/stm32cubeide_1.9.0/stm32cubeide/plugins/com.st.stm32cube.ide.mcu.externaltools.gnu-tools-for-stm32.10.3-2021.10.win32_1.0.0.202111181127/tools/bin/../lib/gcc/arm-none-eabi/10.3.1/../../../../arm-none-eabi/lib/thumb/v7e-m+fp/hard\libc_nano.a(lib_a-strlen.o)
                0x00000000080001e0                strlen
 .text          0x00000000080001f0       0xa0 d:/st/stm32cubeide_1.9.0/stm32cubeide/plugins/com.st.stm32cube.ide.mcu.externaltools.gnu-tools-for-stm32.10.3-2021.10.win32_1.0.0.202111181127/tools/bin/../lib/gcc/arm-none-eabi/10.3.1/../../../../arm-none-eabi/lib/thumb/v7e-m+fp/hard\libc_nano.a(lib_a-memchr.o)
                0x00000000080001f0                memchr
 .text          0x0000000008000290       0x30 d:/st/stm32cubeide_1.9.0/stm32cubeide/plugins/com.st.stm32cube.ide.mcu.externaltools.gnu-tools-for-stm32.10.3-2021.10.win32_1.0.0.202111181127/tools/bin/../lib/gcc/arm-none-eabi/10.3.1/thumb/v7e-m+fp/hard\libgcc.a(_aeabi_uldivmod.o)
                0x0000000008000290                __aeabi_uldivmod
 .text          0x00000000080002c0      0x2d0 d:/st/stm32cubeide_1.9.0/stm32cubeide/plugins/com.st.stm32cube.ide.mcu.externaltools.gnu-tools-for-stm32.10.3-2021.10.win32_1.0.0.202111181127/tools/bin/../lib/gcc/arm-none-eabi/10.3.1/thumb/v7e-m+fp/hard\libgcc.a(_udivmoddi4.o)
                0x00000000080002c0                __udivmoddi4
 .text          0x0000000008000590        0x4 d:/st/stm32cubeide_1.9.0/stm32cubeide/plugins/com.st.stm32cube.ide.mcu.externaltools.gnu-tools-for-stm32.10.3-2021.10.win32_1.0.0.202111181127/tools/bin/../lib/gcc/arm-none-eabi/10.3.1/thumb/v7e-m+fp/hard\libgcc.a(_dvmd_tls.o)
                0x0000000008000590                __aeabi_idiv0
                0x0000000008000590                __aeabi_ldiv0
 *(.text*)
 .text.SDcard_get_queue_handle
                0x0000000008000594       0x18 ./Core/Src/SDcard.o
                0x0000000008000594                SDcard_get_queue_handle
 .text.path_select
                0x00000000080005ac      0x2a0 ./Core/Src/SDcard.o
 .text.reset_files
                0x000000000800084c      0x144 ./Core/Src/SDcard.o
 .text.SDcard_task
                0x0000000008000990      0x298 ./Core/Src/SDcard.o
 .text.SDcard_start
                0x0000000008000c28       0x98 ./Core/Src/SDcard.o
                0x0000000008000c28                SDcard_start
 .text.SELECT   0x0000000008000cc0       0x1c ./Core/Src/fatfs_sd.o
 .text.DESELECT
                0x0000000008000cdc       0x1c ./Core/Src/fatfs_sd.o
 .text.SPI_TxByte
                0x0000000008000cf8       0x34 ./Core/Src/fatfs_sd.o
 .text.SPI_TxBuffer
                0x0000000008000d2c       0x34 ./Core/Src/fatfs_sd.o
 .text.SPI_RxByte
                0x0000000008000d60       0x38 ./Core/Src/fatfs_sd.o
 .text.SPI_RxBytePtr
                0x0000000008000d98       0x1c ./Core/Src/fatfs_sd.o
 .text.SD_ReadyWait
                0x0000000008000db4       0x34 ./Core/Src/fatfs_sd.o
 .text.SD_PowerOn
                0x0000000008000de8       0x84 ./Core/Src/fatfs_sd.o
 .text.SD_PowerOff
                0x0000000008000e6c       0x18 ./Core/Src/fatfs_sd.o
 .text.SD_CheckPower
                0x0000000008000e84       0x18 ./Core/Src/fatfs_sd.o
 .text.SD_RxDataBlock
                0x0000000008000e9c       0x5c ./Core/Src/fatfs_sd.o
 .text.SD_TxDataBlock
                0x0000000008000ef8       0x86 ./Core/Src/fatfs_sd.o
 .text.SD_SendCmd
                0x0000000008000f7e       0xa8 ./Core/Src/fatfs_sd.o
 *fill*         0x0000000008001026        0x2 
 .text.SD_disk_initialize
                0x0000000008001028      0x1cc ./Core/Src/fatfs_sd.o
                0x0000000008001028                SD_disk_initialize
 .text.SD_disk_status
                0x00000000080011f4       0x2c ./Core/Src/fatfs_sd.o
                0x00000000080011f4                SD_disk_status
 .text.SD_disk_read
                0x0000000008001220       0xd4 ./Core/Src/fatfs_sd.o
                0x0000000008001220                SD_disk_read
 .text.SD_disk_write
                0x00000000080012f4      0x108 ./Core/Src/fatfs_sd.o
                0x00000000080012f4                SD_disk_write
 .text.SD_disk_ioctl
                0x00000000080013fc      0x258 ./Core/Src/fatfs_sd.o
                0x00000000080013fc                SD_disk_ioctl
 .text.MX_FREERTOS_Init
                0x0000000008001654       0x24 ./Core/Src/freertos.o
                0x0000000008001654                MX_FREERTOS_Init
 .text.StartDefaultTask
                0x0000000008001678       0x54 ./Core/Src/freertos.o
                0x0000000008001678                StartDefaultTask
 .text.send_data
                0x00000000080016cc       0xcc ./Core/Src/freertos.o
                0x00000000080016cc                send_data
 .text.start_send_data_tasks
                0x0000000008001798      0x2cc ./Core/Src/freertos.o
 .text.MX_GPIO_Init
                0x0000000008001a64       0xd0 ./Core/Src/gpio.o
                0x0000000008001a64                MX_GPIO_Init
 .text.main     0x0000000008001b34       0x26 ./Core/Src/main.o
                0x0000000008001b34                main
 *fill*         0x0000000008001b5a        0x2 
 .text.SystemClock_Config
                0x0000000008001b5c       0xdc ./Core/Src/main.o
                0x0000000008001b5c                SystemClock_Config
 .text.HAL_TIM_PeriodElapsedCallback
                0x0000000008001c38       0x24 ./Core/Src/main.o
                0x0000000008001c38                HAL_TIM_PeriodElapsedCallback
 .text.Error_Handler
                0x0000000008001c5c        0xa ./Core/Src/main.o
                0x0000000008001c5c                Error_Handler
 *fill*         0x0000000008001c66        0x2 
 .text.MX_SPI1_Init
                0x0000000008001c68       0x6c ./Core/Src/spi.o
                0x0000000008001c68                MX_SPI1_Init
 .text.HAL_SPI_MspInit
                0x0000000008001cd4       0x90 ./Core/Src/spi.o
                0x0000000008001cd4                HAL_SPI_MspInit
 .text.HAL_MspInit
                0x0000000008001d64       0x58 ./Core/Src/stm32f4xx_hal_msp.o
                0x0000000008001d64                HAL_MspInit
 .text.HAL_InitTick
                0x0000000008001dbc       0xb0 ./Core/Src/stm32f4xx_hal_timebase_tim.o
                0x0000000008001dbc                HAL_InitTick
 .text.NMI_Handler
                0x0000000008001e6c        0x6 ./Core/Src/stm32f4xx_it.o
                0x0000000008001e6c                NMI_Handler
 .text.HardFault_Handler
                0x0000000008001e72        0x6 ./Core/Src/stm32f4xx_it.o
                0x0000000008001e72                HardFault_Handler
 .text.MemManage_Handler
                0x0000000008001e78        0x6 ./Core/Src/stm32f4xx_it.o
                0x0000000008001e78                MemManage_Handler
 .text.BusFault_Handler
                0x0000000008001e7e        0x6 ./Core/Src/stm32f4xx_it.o
                0x0000000008001e7e                BusFault_Handler
 .text.UsageFault_Handler
                0x0000000008001e84        0x6 ./Core/Src/stm32f4xx_it.o
                0x0000000008001e84                UsageFault_Handler
 .text.DebugMon_Handler
                0x0000000008001e8a        0xe ./Core/Src/stm32f4xx_it.o
                0x0000000008001e8a                DebugMon_Handler
 .text.TIM1_UP_TIM10_IRQHandler
                0x0000000008001e98       0x44 ./Core/Src/stm32f4xx_it.o
                0x0000000008001e98                TIM1_UP_TIM10_IRQHandler
 .text.OTG_FS_IRQHandler
                0x0000000008001edc       0x14 ./Core/Src/stm32f4xx_it.o
                0x0000000008001edc                OTG_FS_IRQHandler
 .text._sbrk    0x0000000008001ef0       0x6c ./Core/Src/sysmem.o
                0x0000000008001ef0                _sbrk
 .text.SystemInit
                0x0000000008001f5c       0x24 ./Core/Src/system_stm32f4xx.o
                0x0000000008001f5c                SystemInit
 .text.Reset_Handler
                0x0000000008001f80       0x50 ./Core/Startup/startup_stm32f401ccux.o
                0x0000000008001f80                Reset_Handler
 .text.Default_Handler
                0x0000000008001fd0        0x2 ./Core/Startup/startup_stm32f401ccux.o
                0x0000000008001fd0                RTC_Alarm_IRQHandler
                0x0000000008001fd0                EXTI2_IRQHandler
                0x0000000008001fd0                SPI4_IRQHandler
                0x0000000008001fd0                TIM1_CC_IRQHandler
                0x0000000008001fd0                DMA2_Stream5_IRQHandler
                0x0000000008001fd0                DMA1_Stream5_IRQHandler
                0x0000000008001fd0                PVD_IRQHandler
                0x0000000008001fd0                SDIO_IRQHandler
                0x0000000008001fd0                TAMP_STAMP_IRQHandler
                0x0000000008001fd0                EXTI3_IRQHandler
                0x0000000008001fd0                I2C3_ER_IRQHandler
                0x0000000008001fd0                EXTI0_IRQHandler
                0x0000000008001fd0                I2C2_EV_IRQHandler
                0x0000000008001fd0                DMA1_Stream2_IRQHandler
                0x0000000008001fd0                FPU_IRQHandler
                0x0000000008001fd0                DMA2_Stream2_IRQHandler
                0x0000000008001fd0                SPI1_IRQHandler
                0x0000000008001fd0                TIM1_BRK_TIM9_IRQHandler
                0x0000000008001fd0                DMA2_Stream3_IRQHandler
                0x0000000008001fd0                USART6_IRQHandler
                0x0000000008001fd0                DMA2_Stream0_IRQHandler
                0x0000000008001fd0                TIM4_IRQHandler
                0x0000000008001fd0                I2C1_EV_IRQHandler
                0x0000000008001fd0                DMA1_Stream6_IRQHandler
                0x0000000008001fd0                DMA1_Stream1_IRQHandler
                0x0000000008001fd0                TIM3_IRQHandler
                0x0000000008001fd0                RCC_IRQHandler
                0x0000000008001fd0                Default_Handler
                0x0000000008001fd0                EXTI15_10_IRQHandler
                0x0000000008001fd0                ADC_IRQHandler
                0x0000000008001fd0                DMA1_Stream7_IRQHandler
                0x0000000008001fd0                TIM5_IRQHandler
                0x0000000008001fd0                DMA2_Stream7_IRQHandler
                0x0000000008001fd0                I2C3_EV_IRQHandler
                0x0000000008001fd0                EXTI9_5_IRQHandler
                0x0000000008001fd0                RTC_WKUP_IRQHandler
                0x0000000008001fd0                SPI2_IRQHandler
                0x0000000008001fd0                DMA1_Stream0_IRQHandler
                0x0000000008001fd0                EXTI4_IRQHandler
                0x0000000008001fd0                WWDG_IRQHandler
                0x0000000008001fd0                TIM2_IRQHandler
                0x0000000008001fd0                OTG_FS_WKUP_IRQHandler
                0x0000000008001fd0                TIM1_TRG_COM_TIM11_IRQHandler
                0x0000000008001fd0                EXTI1_IRQHandler
                0x0000000008001fd0                USART2_IRQHandler
                0x0000000008001fd0                I2C2_ER_IRQHandler
                0x0000000008001fd0                DMA2_Stream1_IRQHandler
                0x0000000008001fd0                FLASH_IRQHandler
                0x0000000008001fd0                DMA2_Stream4_IRQHandler
                0x0000000008001fd0                USART1_IRQHandler
                0x0000000008001fd0                SPI3_IRQHandler
                0x0000000008001fd0                DMA1_Stream4_IRQHandler
                0x0000000008001fd0                I2C1_ER_IRQHandler
                0x0000000008001fd0                DMA2_Stream6_IRQHandler
                0x0000000008001fd0                DMA1_Stream3_IRQHandler
 *fill*         0x0000000008001fd2        0x2 
 .text.HAL_Init
                0x0000000008001fd4       0x44 ./Drivers/STM32F4xx_HAL_Driver/Src/stm32f4xx_hal.o
                0x0000000008001fd4                HAL_Init
 .text.HAL_IncTick
                0x0000000008002018       0x28 ./Drivers/STM32F4xx_HAL_Driver/Src/stm32f4xx_hal.o
                0x0000000008002018                HAL_IncTick
 .text.HAL_GetTick
                0x0000000008002040       0x18 ./Drivers/STM32F4xx_HAL_Driver/Src/stm32f4xx_hal.o
                0x0000000008002040                HAL_GetTick
 .text.HAL_Delay
                0x0000000008002058       0x48 ./Drivers/STM32F4xx_HAL_Driver/Src/stm32f4xx_hal.o
                0x0000000008002058                HAL_Delay
 .text.__NVIC_SetPriorityGrouping
                0x00000000080020a0       0x48 ./Drivers/STM32F4xx_HAL_Driver/Src/stm32f4xx_hal_cortex.o
 .text.__NVIC_GetPriorityGrouping
                0x00000000080020e8       0x1c ./Drivers/STM32F4xx_HAL_Driver/Src/stm32f4xx_hal_cortex.o
 .text.__NVIC_EnableIRQ
                0x0000000008002104       0x3c ./Drivers/STM32F4xx_HAL_Driver/Src/stm32f4xx_hal_cortex.o
 .text.__NVIC_SetPriority
                0x0000000008002140       0x54 ./Drivers/STM32F4xx_HAL_Driver/Src/stm32f4xx_hal_cortex.o
 .text.NVIC_EncodePriority
                0x0000000008002194       0x66 ./Drivers/STM32F4xx_HAL_Driver/Src/stm32f4xx_hal_cortex.o
 .text.HAL_NVIC_SetPriorityGrouping
                0x00000000080021fa       0x16 ./Drivers/STM32F4xx_HAL_Driver/Src/stm32f4xx_hal_cortex.o
                0x00000000080021fa                HAL_NVIC_SetPriorityGrouping
 .text.HAL_NVIC_SetPriority
                0x0000000008002210       0x38 ./Drivers/STM32F4xx_HAL_Driver/Src/stm32f4xx_hal_cortex.o
                0x0000000008002210                HAL_NVIC_SetPriority
 .text.HAL_NVIC_EnableIRQ
                0x0000000008002248       0x1c ./Drivers/STM32F4xx_HAL_Driver/Src/stm32f4xx_hal_cortex.o
                0x0000000008002248                HAL_NVIC_EnableIRQ
 .text.HAL_GPIO_Init
                0x0000000008002264      0x308 ./Drivers/STM32F4xx_HAL_Driver/Src/stm32f4xx_hal_gpio.o
                0x0000000008002264                HAL_GPIO_Init
 .text.HAL_GPIO_WritePin
                0x000000000800256c       0x32 ./Drivers/STM32F4xx_HAL_Driver/Src/stm32f4xx_hal_gpio.o
                0x000000000800256c                HAL_GPIO_WritePin
 .text.HAL_PCD_Init
                0x000000000800259e      0x23a ./Drivers/STM32F4xx_HAL_Driver/Src/stm32f4xx_hal_pcd.o
                0x000000000800259e                HAL_PCD_Init
 .text.HAL_PCD_Start
                0x00000000080027d8       0x66 ./Drivers/STM32F4xx_HAL_Driver/Src/stm32f4xx_hal_pcd.o
                0x00000000080027d8                HAL_PCD_Start
 .text.HAL_PCD_IRQHandler
                0x000000000800283e      0x93e ./Drivers/STM32F4xx_HAL_Driver/Src/stm32f4xx_hal_pcd.o
                0x000000000800283e                HAL_PCD_IRQHandler
 .text.HAL_PCD_SetAddress
                0x000000000800317c       0x4a ./Drivers/STM32F4xx_HAL_Driver/Src/stm32f4xx_hal_pcd.o
                0x000000000800317c                HAL_PCD_SetAddress
 .text.HAL_PCD_EP_Open
                0x00000000080031c6       0xd0 ./Drivers/STM32F4xx_HAL_Driver/Src/stm32f4xx_hal_pcd.o
                0x00000000080031c6                HAL_PCD_EP_Open
 .text.HAL_PCD_EP_Close
                0x0000000008003296       0x94 ./Drivers/STM32F4xx_HAL_Driver/Src/stm32f4xx_hal_pcd.o
                0x0000000008003296                HAL_PCD_EP_Close
 .text.HAL_PCD_EP_Receive
                0x000000000800332a       0x96 ./Drivers/STM32F4xx_HAL_Driver/Src/stm32f4xx_hal_pcd.o
                0x000000000800332a                HAL_PCD_EP_Receive
 .text.HAL_PCD_EP_GetRxCount
                0x00000000080033c0       0x30 ./Drivers/STM32F4xx_HAL_Driver/Src/stm32f4xx_hal_pcd.o
                0x00000000080033c0                HAL_PCD_EP_GetRxCount
 .text.HAL_PCD_EP_Transmit
                0x00000000080033f0       0x94 ./Drivers/STM32F4xx_HAL_Driver/Src/stm32f4xx_hal_pcd.o
                0x00000000080033f0                HAL_PCD_EP_Transmit
 .text.HAL_PCD_EP_SetStall
                0x0000000008003484       0xc8 ./Drivers/STM32F4xx_HAL_Driver/Src/stm32f4xx_hal_pcd.o
                0x0000000008003484                HAL_PCD_EP_SetStall
 .text.HAL_PCD_EP_ClrStall
                0x000000000800354c       0xac ./Drivers/STM32F4xx_HAL_Driver/Src/stm32f4xx_hal_pcd.o
                0x000000000800354c                HAL_PCD_EP_ClrStall
 .text.HAL_PCD_EP_Abort
                0x00000000080035f8       0x62 ./Drivers/STM32F4xx_HAL_Driver/Src/stm32f4xx_hal_pcd.o
                0x00000000080035f8                HAL_PCD_EP_Abort
 .text.PCD_WriteEmptyTxFifo
                0x000000000800365a      0x11a ./Drivers/STM32F4xx_HAL_Driver/Src/stm32f4xx_hal_pcd.o
 .text.PCD_EP_OutXfrComplete_int
                0x0000000008003774      0x1d0 ./Drivers/STM32F4xx_HAL_Driver/Src/stm32f4xx_hal_pcd.o
 .text.PCD_EP_OutSetupPacket_int
                0x0000000008003944       0x8c ./Drivers/STM32F4xx_HAL_Driver/Src/stm32f4xx_hal_pcd.o
 .text.HAL_PCDEx_SetTxFiFo
                0x00000000080039d0       0x8e ./Drivers/STM32F4xx_HAL_Driver/Src/stm32f4xx_hal_pcd_ex.o
                0x00000000080039d0                HAL_PCDEx_SetTxFiFo
 .text.HAL_PCDEx_SetRxFiFo
                0x0000000008003a5e       0x22 ./Drivers/STM32F4xx_HAL_Driver/Src/stm32f4xx_hal_pcd_ex.o
                0x0000000008003a5e                HAL_PCDEx_SetRxFiFo
 .text.HAL_PCDEx_LPM_Callback
                0x0000000008003a80       0x18 ./Drivers/STM32F4xx_HAL_Driver/Src/stm32f4xx_hal_pcd_ex.o
                0x0000000008003a80                HAL_PCDEx_LPM_Callback
 .text.HAL_RCC_OscConfig
                0x0000000008003a98      0x4f0 ./Drivers/STM32F4xx_HAL_Driver/Src/stm32f4xx_hal_rcc.o
                0x0000000008003a98                HAL_RCC_OscConfig
 .text.HAL_RCC_ClockConfig
                0x0000000008003f88      0x1cc ./Drivers/STM32F4xx_HAL_Driver/Src/stm32f4xx_hal_rcc.o
                0x0000000008003f88                HAL_RCC_ClockConfig
 .text.HAL_RCC_GetSysClockFreq
                0x0000000008004154      0x18c ./Drivers/STM32F4xx_HAL_Driver/Src/stm32f4xx_hal_rcc.o
                0x0000000008004154                HAL_RCC_GetSysClockFreq
 .text.HAL_RCC_GetHCLKFreq
                0x00000000080042e0       0x18 ./Drivers/STM32F4xx_HAL_Driver/Src/stm32f4xx_hal_rcc.o
                0x00000000080042e0                HAL_RCC_GetHCLKFreq
 .text.HAL_RCC_GetPCLK2Freq
                0x00000000080042f8       0x28 ./Drivers/STM32F4xx_HAL_Driver/Src/stm32f4xx_hal_rcc.o
                0x00000000080042f8                HAL_RCC_GetPCLK2Freq
 .text.HAL_RCC_GetClockConfig
                0x0000000008004320       0x64 ./Drivers/STM32F4xx_HAL_Driver/Src/stm32f4xx_hal_rcc.o
                0x0000000008004320                HAL_RCC_GetClockConfig
 .text.HAL_SPI_Init
                0x0000000008004384      0x112 ./Drivers/STM32F4xx_HAL_Driver/Src/stm32f4xx_hal_spi.o
                0x0000000008004384                HAL_SPI_Init
 .text.HAL_SPI_Transmit
                0x0000000008004496      0x278 ./Drivers/STM32F4xx_HAL_Driver/Src/stm32f4xx_hal_spi.o
                0x0000000008004496                HAL_SPI_Transmit
 .text.HAL_SPI_TransmitReceive
                0x000000000800470e      0x344 ./Drivers/STM32F4xx_HAL_Driver/Src/stm32f4xx_hal_spi.o
                0x000000000800470e                HAL_SPI_TransmitReceive
 *fill*         0x0000000008004a52        0x2 
 .text.SPI_WaitFlagStateUntilTimeout
                0x0000000008004a54      0x110 ./Drivers/STM32F4xx_HAL_Driver/Src/stm32f4xx_hal_spi.o
 .text.SPI_EndRxTxTransaction
                0x0000000008004b64       0x84 ./Drivers/STM32F4xx_HAL_Driver/Src/stm32f4xx_hal_spi.o
 .text.HAL_TIM_Base_Init
                0x0000000008004be8       0x9e ./Drivers/STM32F4xx_HAL_Driver/Src/stm32f4xx_hal_tim.o
                0x0000000008004be8                HAL_TIM_Base_Init
 .text.HAL_TIM_Base_MspInit
                0x0000000008004c86       0x14 ./Drivers/STM32F4xx_HAL_Driver/Src/stm32f4xx_hal_tim.o
                0x0000000008004c86                HAL_TIM_Base_MspInit
 *fill*         0x0000000008004c9a        0x2 
 .text.HAL_TIM_Base_Start_IT
                0x0000000008004c9c       0xc4 ./Drivers/STM32F4xx_HAL_Driver/Src/stm32f4xx_hal_tim.o
                0x0000000008004c9c                HAL_TIM_Base_Start_IT
 .text.HAL_TIM_IRQHandler
                0x0000000008004d60      0x210 ./Drivers/STM32F4xx_HAL_Driver/Src/stm32f4xx_hal_tim.o
                0x0000000008004d60                HAL_TIM_IRQHandler
 .text.HAL_TIM_OC_DelayElapsedCallback
                0x0000000008004f70       0x14 ./Drivers/STM32F4xx_HAL_Driver/Src/stm32f4xx_hal_tim.o
                0x0000000008004f70                HAL_TIM_OC_DelayElapsedCallback
 .text.HAL_TIM_IC_CaptureCallback
                0x0000000008004f84       0x14 ./Drivers/STM32F4xx_HAL_Driver/Src/stm32f4xx_hal_tim.o
                0x0000000008004f84                HAL_TIM_IC_CaptureCallback
 .text.HAL_TIM_PWM_PulseFinishedCallback
                0x0000000008004f98       0x14 ./Drivers/STM32F4xx_HAL_Driver/Src/stm32f4xx_hal_tim.o
                0x0000000008004f98                HAL_TIM_PWM_PulseFinishedCallback
 .text.HAL_TIM_TriggerCallback
                0x0000000008004fac       0x14 ./Drivers/STM32F4xx_HAL_Driver/Src/stm32f4xx_hal_tim.o
                0x0000000008004fac                HAL_TIM_TriggerCallback
 .text.TIM_Base_SetConfig
                0x0000000008004fc0      0x100 ./Drivers/STM32F4xx_HAL_Driver/Src/stm32f4xx_hal_tim.o
                0x0000000008004fc0                TIM_Base_SetConfig
 .text.HAL_TIMEx_CommutCallback
                0x00000000080050c0       0x14 ./Drivers/STM32F4xx_HAL_Driver/Src/stm32f4xx_hal_tim_ex.o
                0x00000000080050c0                HAL_TIMEx_CommutCallback
 .text.HAL_TIMEx_BreakCallback
                0x00000000080050d4       0x14 ./Drivers/STM32F4xx_HAL_Driver/Src/stm32f4xx_hal_tim_ex.o
                0x00000000080050d4                HAL_TIMEx_BreakCallback
 .text.USB_CoreInit
                0x00000000080050e8       0xc2 ./Drivers/STM32F4xx_HAL_Driver/Src/stm32f4xx_ll_usb.o
                0x00000000080050e8                USB_CoreInit
 *fill*         0x00000000080051aa        0x2 
 .text.USB_SetTurnaroundTime
                0x00000000080051ac      0x144 ./Drivers/STM32F4xx_HAL_Driver/Src/stm32f4xx_ll_usb.o
                0x00000000080051ac                USB_SetTurnaroundTime
 .text.USB_EnableGlobalInt
                0x00000000080052f0       0x22 ./Drivers/STM32F4xx_HAL_Driver/Src/stm32f4xx_ll_usb.o
                0x00000000080052f0                USB_EnableGlobalInt
 .text.USB_DisableGlobalInt
                0x0000000008005312       0x22 ./Drivers/STM32F4xx_HAL_Driver/Src/stm32f4xx_ll_usb.o
                0x0000000008005312                USB_DisableGlobalInt
 .text.USB_SetCurrentMode
                0x0000000008005334       0x98 ./Drivers/STM32F4xx_HAL_Driver/Src/stm32f4xx_ll_usb.o
                0x0000000008005334                USB_SetCurrentMode
 .text.USB_DevInit
                0x00000000080053cc      0x2c8 ./Drivers/STM32F4xx_HAL_Driver/Src/stm32f4xx_ll_usb.o
                0x00000000080053cc                USB_DevInit
 .text.USB_FlushTxFifo
                0x0000000008005694       0x68 ./Drivers/STM32F4xx_HAL_Driver/Src/stm32f4xx_ll_usb.o
                0x0000000008005694                USB_FlushTxFifo
 .text.USB_FlushRxFifo
                0x00000000080056fc       0x60 ./Drivers/STM32F4xx_HAL_Driver/Src/stm32f4xx_ll_usb.o
                0x00000000080056fc                USB_FlushRxFifo
 .text.USB_SetDevSpeed
                0x000000000800575c       0x32 ./Drivers/STM32F4xx_HAL_Driver/Src/stm32f4xx_ll_usb.o
                0x000000000800575c                USB_SetDevSpeed
 .text.USB_GetDevSpeed
                0x000000000800578e       0x4a ./Drivers/STM32F4xx_HAL_Driver/Src/stm32f4xx_ll_usb.o
                0x000000000800578e                USB_GetDevSpeed
 .text.USB_ActivateEndpoint
                0x00000000080057d8      0x10e ./Drivers/STM32F4xx_HAL_Driver/Src/stm32f4xx_ll_usb.o
                0x00000000080057d8                USB_ActivateEndpoint
 *fill*         0x00000000080058e6        0x2 
 .text.USB_DeactivateEndpoint
                0x00000000080058e8      0x1b8 ./Drivers/STM32F4xx_HAL_Driver/Src/stm32f4xx_ll_usb.o
                0x00000000080058e8                USB_DeactivateEndpoint
 .text.USB_EPStartXfer
                0x0000000008005aa0      0x490 ./Drivers/STM32F4xx_HAL_Driver/Src/stm32f4xx_ll_usb.o
                0x0000000008005aa0                USB_EPStartXfer
 .text.USB_EP0StartXfer
                0x0000000008005f30      0x2b0 ./Drivers/STM32F4xx_HAL_Driver/Src/stm32f4xx_ll_usb.o
                0x0000000008005f30                USB_EP0StartXfer
 .text.USB_EPStopXfer
                0x00000000080061e0      0x154 ./Drivers/STM32F4xx_HAL_Driver/Src/stm32f4xx_ll_usb.o
                0x00000000080061e0                USB_EPStopXfer
 .text.USB_WritePacket
                0x0000000008006334       0x7c ./Drivers/STM32F4xx_HAL_Driver/Src/stm32f4xx_ll_usb.o
                0x0000000008006334                USB_WritePacket
 .text.USB_ReadPacket
                0x00000000080063b0       0xb0 ./Drivers/STM32F4xx_HAL_Driver/Src/stm32f4xx_ll_usb.o
                0x00000000080063b0                USB_ReadPacket
 .text.USB_EPSetStall
                0x0000000008006460       0xdc ./Drivers/STM32F4xx_HAL_Driver/Src/stm32f4xx_ll_usb.o
                0x0000000008006460                USB_EPSetStall
 .text.USB_EPClearStall
                0x000000000800653c       0xcc ./Drivers/STM32F4xx_HAL_Driver/Src/stm32f4xx_ll_usb.o
                0x000000000800653c                USB_EPClearStall
 .text.USB_SetDevAddress
                0x0000000008006608       0x4c ./Drivers/STM32F4xx_HAL_Driver/Src/stm32f4xx_ll_usb.o
                0x0000000008006608                USB_SetDevAddress
 .text.USB_DevConnect
                0x0000000008006654       0x42 ./Drivers/STM32F4xx_HAL_Driver/Src/stm32f4xx_ll_usb.o
                0x0000000008006654                USB_DevConnect
 .text.USB_DevDisconnect
                0x0000000008006696       0x42 ./Drivers/STM32F4xx_HAL_Driver/Src/stm32f4xx_ll_usb.o
                0x0000000008006696                USB_DevDisconnect
 .text.USB_ReadInterrupts
                0x00000000080066d8       0x26 ./Drivers/STM32F4xx_HAL_Driver/Src/stm32f4xx_ll_usb.o
                0x00000000080066d8                USB_ReadInterrupts
 .text.USB_ReadDevAllOutEpInterrupt
                0x00000000080066fe       0x34 ./Drivers/STM32F4xx_HAL_Driver/Src/stm32f4xx_ll_usb.o
                0x00000000080066fe                USB_ReadDevAllOutEpInterrupt
 .text.USB_ReadDevAllInEpInterrupt
                0x0000000008006732       0x34 ./Drivers/STM32F4xx_HAL_Driver/Src/stm32f4xx_ll_usb.o
                0x0000000008006732                USB_ReadDevAllInEpInterrupt
 .text.USB_ReadDevOutEPInterrupt
                0x0000000008006766       0x3c ./Drivers/STM32F4xx_HAL_Driver/Src/stm32f4xx_ll_usb.o
                0x0000000008006766                USB_ReadDevOutEPInterrupt
 .text.USB_ReadDevInEPInterrupt
                0x00000000080067a2       0x5c ./Drivers/STM32F4xx_HAL_Driver/Src/stm32f4xx_ll_usb.o
                0x00000000080067a2                USB_ReadDevInEPInterrupt
 .text.USB_GetMode
                0x00000000080067fe       0x1c ./Drivers/STM32F4xx_HAL_Driver/Src/stm32f4xx_ll_usb.o
                0x00000000080067fe                USB_GetMode
 .text.USB_ActivateSetup
                0x000000000800681a       0x46 ./Drivers/STM32F4xx_HAL_Driver/Src/stm32f4xx_ll_usb.o
                0x000000000800681a                USB_ActivateSetup
 .text.USB_EP0_OutStart
                0x0000000008006860       0xbc ./Drivers/STM32F4xx_HAL_Driver/Src/stm32f4xx_ll_usb.o
                0x0000000008006860                USB_EP0_OutStart
 .text.USB_CoreReset
                0x000000000800691c       0x68 ./Drivers/STM32F4xx_HAL_Driver/Src/stm32f4xx_ll_usb.o
 .text.MX_FATFS_Init
                0x0000000008006984       0x24 ./FATFS/App/fatfs.o
                0x0000000008006984                MX_FATFS_Init
 .text.get_fattime
                0x00000000080069a8       0x10 ./FATFS/App/fatfs.o
                0x00000000080069a8                get_fattime
 .text.USER_initialize
                0x00000000080069b8       0x1e ./FATFS/Target/user_diskio.o
                0x00000000080069b8                USER_initialize
 .text.USER_status
                0x00000000080069d6       0x1e ./FATFS/Target/user_diskio.o
                0x00000000080069d6                USER_status
 .text.USER_read
                0x00000000080069f4       0x28 ./FATFS/Target/user_diskio.o
                0x00000000080069f4                USER_read
 .text.USER_write
                0x0000000008006a1c       0x28 ./FATFS/Target/user_diskio.o
                0x0000000008006a1c                USER_write
 .text.USER_ioctl
                0x0000000008006a44       0x28 ./FATFS/Target/user_diskio.o
                0x0000000008006a44                USER_ioctl
 .text.USBD_CDC_Init
                0x0000000008006a6c      0x1f0 ./Middlewares/ST/STM32_USB_Device_Library/Class/CDC/Src/usbd_cdc.o
 .text.USBD_CDC_DeInit
                0x0000000008006c5c      0x104 ./Middlewares/ST/STM32_USB_Device_Library/Class/CDC/Src/usbd_cdc.o
 .text.USBD_CDC_Setup
                0x0000000008006d60      0x1b8 ./Middlewares/ST/STM32_USB_Device_Library/Class/CDC/Src/usbd_cdc.o
 .text.USBD_CDC_DataIn
                0x0000000008006f18       0xfe ./Middlewares/ST/STM32_USB_Device_Library/Class/CDC/Src/usbd_cdc.o
 .text.USBD_CDC_DataOut
                0x0000000008007016       0x70 ./Middlewares/ST/STM32_USB_Device_Library/Class/CDC/Src/usbd_cdc.o
 .text.USBD_CDC_EP0_RxReady
                0x0000000008007086       0x76 ./Middlewares/ST/STM32_USB_Device_Library/Class/CDC/Src/usbd_cdc.o
 .text.USBD_CDC_GetFSCfgDesc
                0x00000000080070fc       0x70 ./Middlewares/ST/STM32_USB_Device_Library/Class/CDC/Src/usbd_cdc.o
 .text.USBD_CDC_GetHSCfgDesc
                0x000000000800716c       0x70 ./Middlewares/ST/STM32_USB_Device_Library/Class/CDC/Src/usbd_cdc.o
 .text.USBD_CDC_GetOtherSpeedCfgDesc
                0x00000000080071dc       0x70 ./Middlewares/ST/STM32_USB_Device_Library/Class/CDC/Src/usbd_cdc.o
 .text.USBD_CDC_GetDeviceQualifierDescriptor
                0x000000000800724c       0x20 ./Middlewares/ST/STM32_USB_Device_Library/Class/CDC/Src/usbd_cdc.o
                0x000000000800724c                USBD_CDC_GetDeviceQualifierDescriptor
 .text.USBD_CDC_RegisterInterface
                0x000000000800726c       0x34 ./Middlewares/ST/STM32_USB_Device_Library/Class/CDC/Src/usbd_cdc.o
                0x000000000800726c                USBD_CDC_RegisterInterface
 .text.USBD_CDC_SetTxBuffer
                0x00000000080072a0       0x44 ./Middlewares/ST/STM32_USB_Device_Library/Class/CDC/Src/usbd_cdc.o
                0x00000000080072a0                USBD_CDC_SetTxBuffer
 .text.USBD_CDC_SetRxBuffer
                0x00000000080072e4       0x3a ./Middlewares/ST/STM32_USB_Device_Library/Class/CDC/Src/usbd_cdc.o
                0x00000000080072e4                USBD_CDC_SetRxBuffer
 *fill*         0x000000000800731e        0x2 
 .text.USBD_CDC_TransmitPacket
                0x0000000008007320       0x8c ./Middlewares/ST/STM32_USB_Device_Library/Class/CDC/Src/usbd_cdc.o
                0x0000000008007320                USBD_CDC_TransmitPacket
 .text.USBD_CDC_ReceivePacket
                0x00000000080073ac       0x6c ./Middlewares/ST/STM32_USB_Device_Library/Class/CDC/Src/usbd_cdc.o
                0x00000000080073ac                USBD_CDC_ReceivePacket
 .text.USBD_Init
                0x0000000008007418       0x60 ./Middlewares/ST/STM32_USB_Device_Library/Core/Src/usbd_core.o
                0x0000000008007418                USBD_Init
 .text.USBD_RegisterClass
                0x0000000008007478       0x6c ./Middlewares/ST/STM32_USB_Device_Library/Core/Src/usbd_core.o
                0x0000000008007478                USBD_RegisterClass
 .text.USBD_Start
                0x00000000080074e4       0x18 ./Middlewares/ST/STM32_USB_Device_Library/Core/Src/usbd_core.o
                0x00000000080074e4                USBD_Start
 .text.USBD_RunTestMode
                0x00000000080074fc       0x16 ./Middlewares/ST/STM32_USB_Device_Library/Core/Src/usbd_core.o
                0x00000000080074fc                USBD_RunTestMode
 .text.USBD_SetClassConfig
                0x0000000008007512       0x38 ./Middlewares/ST/STM32_USB_Device_Library/Core/Src/usbd_core.o
                0x0000000008007512                USBD_SetClassConfig
 .text.USBD_ClrClassConfig
                0x000000000800754a       0x34 ./Middlewares/ST/STM32_USB_Device_Library/Core/Src/usbd_core.o
                0x000000000800754a                USBD_ClrClassConfig
 .text.USBD_LL_SetupStage
                0x000000000800757e       0xaa ./Middlewares/ST/STM32_USB_Device_Library/Core/Src/usbd_core.o
                0x000000000800757e                USBD_LL_SetupStage
 .text.USBD_LL_DataOutStage
                0x0000000008007628      0x166 ./Middlewares/ST/STM32_USB_Device_Library/Core/Src/usbd_core.o
                0x0000000008007628                USBD_LL_DataOutStage
 .text.USBD_LL_DataInStage
                0x000000000800778e      0x164 ./Middlewares/ST/STM32_USB_Device_Library/Core/Src/usbd_core.o
                0x000000000800778e                USBD_LL_DataInStage
 .text.USBD_LL_Reset
                0x00000000080078f2       0xa4 ./Middlewares/ST/STM32_USB_Device_Library/Core/Src/usbd_core.o
                0x00000000080078f2                USBD_LL_Reset
 .text.USBD_LL_SetSpeed
                0x0000000008007996       0x20 ./Middlewares/ST/STM32_USB_Device_Library/Core/Src/usbd_core.o
                0x0000000008007996                USBD_LL_SetSpeed
 .text.USBD_LL_Suspend
                0x00000000080079b6       0x2c ./Middlewares/ST/STM32_USB_Device_Library/Core/Src/usbd_core.o
                0x00000000080079b6                USBD_LL_Suspend
 .text.USBD_LL_Resume
                0x00000000080079e2       0x30 ./Middlewares/ST/STM32_USB_Device_Library/Core/Src/usbd_core.o
                0x00000000080079e2                USBD_LL_Resume
 .text.USBD_LL_SOF
                0x0000000008007a12       0x40 ./Middlewares/ST/STM32_USB_Device_Library/Core/Src/usbd_core.o
                0x0000000008007a12                USBD_LL_SOF
 .text.USBD_LL_IsoINIncomplete
                0x0000000008007a52       0x64 ./Middlewares/ST/STM32_USB_Device_Library/Core/Src/usbd_core.o
                0x0000000008007a52                USBD_LL_IsoINIncomplete
 .text.USBD_LL_IsoOUTIncomplete
                0x0000000008007ab6       0x64 ./Middlewares/ST/STM32_USB_Device_Library/Core/Src/usbd_core.o
                0x0000000008007ab6                USBD_LL_IsoOUTIncomplete
 .text.USBD_LL_DevConnected
                0x0000000008007b1a       0x16 ./Middlewares/ST/STM32_USB_Device_Library/Core/Src/usbd_core.o
                0x0000000008007b1a                USBD_LL_DevConnected
 .text.USBD_LL_DevDisconnected
                0x0000000008007b30       0x46 ./Middlewares/ST/STM32_USB_Device_Library/Core/Src/usbd_core.o
                0x0000000008007b30                USBD_LL_DevDisconnected
 .text.USBD_CoreFindIF
                0x0000000008007b76       0x1a ./Middlewares/ST/STM32_USB_Device_Library/Core/Src/usbd_core.o
                0x0000000008007b76                USBD_CoreFindIF
 .text.USBD_CoreFindEP
                0x0000000008007b90       0x1a ./Middlewares/ST/STM32_USB_Device_Library/Core/Src/usbd_core.o
                0x0000000008007b90                USBD_CoreFindEP
 .text.USBD_GetEpDesc
                0x0000000008007baa       0x74 ./Middlewares/ST/STM32_USB_Device_Library/Core/Src/usbd_core.o
                0x0000000008007baa                USBD_GetEpDesc
 .text.USBD_GetNextDesc
                0x0000000008007c1e       0x3a ./Middlewares/ST/STM32_USB_Device_Library/Core/Src/usbd_core.o
                0x0000000008007c1e                USBD_GetNextDesc
 .text.SWAPBYTE
                0x0000000008007c58       0x3c ./Middlewares/ST/STM32_USB_Device_Library/Core/Src/usbd_ctlreq.o
 .text.USBD_StdDevReq
                0x0000000008007c94       0xe4 ./Middlewares/ST/STM32_USB_Device_Library/Core/Src/usbd_ctlreq.o
                0x0000000008007c94                USBD_StdDevReq
 .text.USBD_StdItfReq
                0x0000000008007d78       0xd8 ./Middlewares/ST/STM32_USB_Device_Library/Core/Src/usbd_ctlreq.o
                0x0000000008007d78                USBD_StdItfReq
 .text.USBD_StdEPReq
                0x0000000008007e50      0x33a ./Middlewares/ST/STM32_USB_Device_Library/Core/Src/usbd_ctlreq.o
                0x0000000008007e50                USBD_StdEPReq
 *fill*         0x000000000800818a        0x2 
 .text.USBD_GetDescriptor
                0x000000000800818c      0x2d4 ./Middlewares/ST/STM32_USB_Device_Library/Core/Src/usbd_ctlreq.o
 .text.USBD_SetAddress
                0x0000000008008460       0x88 ./Middlewares/ST/STM32_USB_Device_Library/Core/Src/usbd_ctlreq.o
 .text.USBD_SetConfig
                0x00000000080084e8      0x154 ./Middlewares/ST/STM32_USB_Device_Library/Core/Src/usbd_ctlreq.o
 .text.USBD_GetConfig
                0x000000000800863c       0x6c ./Middlewares/ST/STM32_USB_Device_Library/Core/Src/usbd_ctlreq.o
 .text.USBD_GetStatus
                0x00000000080086a8       0x68 ./Middlewares/ST/STM32_USB_Device_Library/Core/Src/usbd_ctlreq.o
 .text.USBD_SetFeature
                0x0000000008008710       0x52 ./Middlewares/ST/STM32_USB_Device_Library/Core/Src/usbd_ctlreq.o
 .text.USBD_ClrFeature
                0x0000000008008762       0x44 ./Middlewares/ST/STM32_USB_Device_Library/Core/Src/usbd_ctlreq.o
 .text.USBD_ParseSetupRequest
                0x00000000080087a6       0x74 ./Middlewares/ST/STM32_USB_Device_Library/Core/Src/usbd_ctlreq.o
                0x00000000080087a6                USBD_ParseSetupRequest
 .text.USBD_CtlError
                0x000000000800881a       0x22 ./Middlewares/ST/STM32_USB_Device_Library/Core/Src/usbd_ctlreq.o
                0x000000000800881a                USBD_CtlError
 .text.USBD_GetString
                0x000000000800883c       0x8c ./Middlewares/ST/STM32_USB_Device_Library/Core/Src/usbd_ctlreq.o
                0x000000000800883c                USBD_GetString
 .text.USBD_GetLen
                0x00000000080088c8       0x34 ./Middlewares/ST/STM32_USB_Device_Library/Core/Src/usbd_ctlreq.o
 .text.USBD_CtlSendData
                0x00000000080088fc       0x36 ./Middlewares/ST/STM32_USB_Device_Library/Core/Src/usbd_ioreq.o
                0x00000000080088fc                USBD_CtlSendData
 .text.USBD_CtlContinueSendData
                0x0000000008008932       0x22 ./Middlewares/ST/STM32_USB_Device_Library/Core/Src/usbd_ioreq.o
                0x0000000008008932                USBD_CtlContinueSendData
 .text.USBD_CtlPrepareRx
                0x0000000008008954       0x3a ./Middlewares/ST/STM32_USB_Device_Library/Core/Src/usbd_ioreq.o
                0x0000000008008954                USBD_CtlPrepareRx
 .text.USBD_CtlContinueRx
                0x000000000800898e       0x22 ./Middlewares/ST/STM32_USB_Device_Library/Core/Src/usbd_ioreq.o
                0x000000000800898e                USBD_CtlContinueRx
 .text.USBD_CtlSendStatus
                0x00000000080089b0       0x26 ./Middlewares/ST/STM32_USB_Device_Library/Core/Src/usbd_ioreq.o
                0x00000000080089b0                USBD_CtlSendStatus
 .text.USBD_CtlReceiveStatus
                0x00000000080089d6       0x26 ./Middlewares/ST/STM32_USB_Device_Library/Core/Src/usbd_ioreq.o
                0x00000000080089d6                USBD_CtlReceiveStatus
 .text.disk_status
                0x00000000080089fc       0x34 ./Middlewares/Third_Party/FatFs/src/diskio.o
                0x00000000080089fc                disk_status
 .text.disk_initialize
                0x0000000008008a30       0x4c ./Middlewares/Third_Party/FatFs/src/diskio.o
                0x0000000008008a30                disk_initialize
 .text.disk_read
                0x0000000008008a7c       0x40 ./Middlewares/Third_Party/FatFs/src/diskio.o
                0x0000000008008a7c                disk_read
 .text.disk_write
                0x0000000008008abc       0x40 ./Middlewares/Third_Party/FatFs/src/diskio.o
                0x0000000008008abc                disk_write
 .text.disk_ioctl
                0x0000000008008afc       0x3c ./Middlewares/Third_Party/FatFs/src/diskio.o
                0x0000000008008afc                disk_ioctl
 .text.ld_word  0x0000000008008b38       0x30 ./Middlewares/Third_Party/FatFs/src/ff.o
 .text.ld_dword
                0x0000000008008b68       0x46 ./Middlewares/Third_Party/FatFs/src/ff.o
 .text.st_word  0x0000000008008bae       0x36 ./Middlewares/Third_Party/FatFs/src/ff.o
 .text.st_dword
                0x0000000008008be4       0x58 ./Middlewares/Third_Party/FatFs/src/ff.o
 .text.mem_cpy  0x0000000008008c3c       0x42 ./Middlewares/Third_Party/FatFs/src/ff.o
 .text.mem_set  0x0000000008008c7e       0x36 ./Middlewares/Third_Party/FatFs/src/ff.o
 .text.mem_cmp  0x0000000008008cb4       0x4e ./Middlewares/Third_Party/FatFs/src/ff.o
 .text.chk_chr  0x0000000008008d02       0x36 ./Middlewares/Third_Party/FatFs/src/ff.o
 .text.chk_lock
                0x0000000008008d38       0xb8 ./Middlewares/Third_Party/FatFs/src/ff.o
 .text.enq_lock
                0x0000000008008df0       0x44 ./Middlewares/Third_Party/FatFs/src/ff.o
 .text.inc_lock
                0x0000000008008e34      0x11c ./Middlewares/Third_Party/FatFs/src/ff.o
 .text.dec_lock
                0x0000000008008f50       0x78 ./Middlewares/Third_Party/FatFs/src/ff.o
 .text.clear_lock
                0x0000000008008fc8       0x48 ./Middlewares/Third_Party/FatFs/src/ff.o
 .text.sync_window
                0x0000000008009010       0x88 ./Middlewares/Third_Party/FatFs/src/ff.o
 .text.move_window
                0x0000000008009098       0x5a ./Middlewares/Third_Party/FatFs/src/ff.o
 *fill*         0x00000000080090f2        0x2 
 .text.sync_fs  0x00000000080090f4       0xe0 ./Middlewares/Third_Party/FatFs/src/ff.o
 .text.clust2sect
                0x00000000080091d4       0x3e ./Middlewares/Third_Party/FatFs/src/ff.o
 .text.get_fat  0x0000000008009212      0x1a8 ./Middlewares/Third_Party/FatFs/src/ff.o
 .text.put_fat  0x00000000080093ba      0x238 ./Middlewares/Third_Party/FatFs/src/ff.o
 .text.remove_chain
                0x00000000080095f2       0xca ./Middlewares/Third_Party/FatFs/src/ff.o
 .text.create_chain
                0x00000000080096bc      0x130 ./Middlewares/Third_Party/FatFs/src/ff.o
 .text.clmt_clust
                0x00000000080097ec       0x70 ./Middlewares/Third_Party/FatFs/src/ff.o
 .text.dir_sdi  0x000000000800985c      0x112 ./Middlewares/Third_Party/FatFs/src/ff.o
 .text.dir_next
                0x000000000800996e      0x1ac ./Middlewares/Third_Party/FatFs/src/ff.o
 .text.dir_alloc
                0x0000000008009b1a       0x8e ./Middlewares/Third_Party/FatFs/src/ff.o
 .text.ld_clust
                0x0000000008009ba8       0x3e ./Middlewares/Third_Party/FatFs/src/ff.o
 .text.st_clust
                0x0000000008009be6       0x40 ./Middlewares/Third_Party/FatFs/src/ff.o
 *fill*         0x0000000008009c26        0x2 
 .text.cmp_lfn  0x0000000008009c28       0xe0 ./Middlewares/Third_Party/FatFs/src/ff.o
 .text.pick_lfn
                0x0000000008009d08       0xc8 ./Middlewares/Third_Party/FatFs/src/ff.o
 .text.put_lfn  0x0000000008009dd0       0xd0 ./Middlewares/Third_Party/FatFs/src/ff.o
 .text.gen_numname
                0x0000000008009ea0      0x11c ./Middlewares/Third_Party/FatFs/src/ff.o
 .text.sum_sfn  0x0000000008009fbc       0x42 ./Middlewares/Third_Party/FatFs/src/ff.o
 .text.dir_read
                0x0000000008009ffe      0x14e ./Middlewares/Third_Party/FatFs/src/ff.o
 .text.dir_find
                0x000000000800a14c      0x180 ./Middlewares/Third_Party/FatFs/src/ff.o
 .text.dir_register
                0x000000000800a2cc      0x1f0 ./Middlewares/Third_Party/FatFs/src/ff.o
 .text.dir_remove
                0x000000000800a4bc       0x94 ./Middlewares/Third_Party/FatFs/src/ff.o
 .text.get_fileinfo
                0x000000000800a550      0x1ba ./Middlewares/Third_Party/FatFs/src/ff.o
 *fill*         0x000000000800a70a        0x2 
 .text.create_name
                0x000000000800a70c      0x370 ./Middlewares/Third_Party/FatFs/src/ff.o
 .text.follow_path
                0x000000000800aa7c       0xec ./Middlewares/Third_Party/FatFs/src/ff.o
 .text.get_ldnumber
                0x000000000800ab68       0x88 ./Middlewares/Third_Party/FatFs/src/ff.o
 .text.check_fs
                0x000000000800abf0       0xac ./Middlewares/Third_Party/FatFs/src/ff.o
 .text.find_volume
                0x000000000800ac9c      0x50c ./Middlewares/Third_Party/FatFs/src/ff.o
 .text.validate
                0x000000000800b1a8       0x6a ./Middlewares/Third_Party/FatFs/src/ff.o
 *fill*         0x000000000800b212        0x2 
 .text.f_mount  0x000000000800b214       0x8c ./Middlewares/Third_Party/FatFs/src/ff.o
                0x000000000800b214                f_mount
 .text.f_open   0x000000000800b2a0      0x398 ./Middlewares/Third_Party/FatFs/src/ff.o
                0x000000000800b2a0                f_open
 .text.f_read   0x000000000800b638      0x2be ./Middlewares/Third_Party/FatFs/src/ff.o
                0x000000000800b638                f_read
 .text.f_write  0x000000000800b8f6      0x328 ./Middlewares/Third_Party/FatFs/src/ff.o
                0x000000000800b8f6                f_write
 .text.f_sync   0x000000000800bc1e       0xfc ./Middlewares/Third_Party/FatFs/src/ff.o
                0x000000000800bc1e                f_sync
 .text.f_close  0x000000000800bd1a       0x54 ./Middlewares/Third_Party/FatFs/src/ff.o
                0x000000000800bd1a                f_close
 .text.f_lseek  0x000000000800bd6e      0x448 ./Middlewares/Third_Party/FatFs/src/ff.o
                0x000000000800bd6e                f_lseek
 .text.f_stat   0x000000000800c1b6       0x72 ./Middlewares/Third_Party/FatFs/src/ff.o
                0x000000000800c1b6                f_stat
 .text.f_unlink
                0x000000000800c228      0x156 ./Middlewares/Third_Party/FatFs/src/ff.o
                0x000000000800c228                f_unlink
 .text.f_gets   0x000000000800c37e       0x7a ./Middlewares/Third_Party/FatFs/src/ff.o
                0x000000000800c37e                f_gets
 .text.putc_bfd
                0x000000000800c3f8       0x7a ./Middlewares/Third_Party/FatFs/src/ff.o
 .text.putc_flush
                0x000000000800c472       0x4a ./Middlewares/Third_Party/FatFs/src/ff.o
 .text.putc_init
                0x000000000800c4bc       0x2a ./Middlewares/Third_Party/FatFs/src/ff.o
 .text.f_puts   0x000000000800c4e6       0x48 ./Middlewares/Third_Party/FatFs/src/ff.o
                0x000000000800c4e6                f_puts
 *fill*         0x000000000800c52e        0x2 
 .text.f_printf
                0x000000000800c530      0x43c ./Middlewares/Third_Party/FatFs/src/ff.o
                0x000000000800c530                f_printf
 .text.FATFS_LinkDriverEx
                0x000000000800c96c       0x98 ./Middlewares/Third_Party/FatFs/src/ff_gen_drv.o
                0x000000000800c96c                FATFS_LinkDriverEx
 .text.FATFS_LinkDriver
                0x000000000800ca04       0x1e ./Middlewares/Third_Party/FatFs/src/ff_gen_drv.o
                0x000000000800ca04                FATFS_LinkDriver
 *fill*         0x000000000800ca22        0x2 
 .text.ff_convert
                0x000000000800ca24       0x78 ./Middlewares/Third_Party/FatFs/src/option/ccsbcs.o
                0x000000000800ca24                ff_convert
 .text.ff_wtoupper
                0x000000000800ca9c      0x114 ./Middlewares/Third_Party/FatFs/src/option/ccsbcs.o
                0x000000000800ca9c                ff_wtoupper
 .text.__NVIC_SetPriority
                0x000000000800cbb0       0x54 ./Middlewares/Third_Party/FreeRTOS/Source/CMSIS_RTOS_V2/cmsis_os2.o
 .text.SysTick_Handler
                0x000000000800cc04       0x20 ./Middlewares/Third_Party/FreeRTOS/Source/CMSIS_RTOS_V2/cmsis_os2.o
                0x000000000800cc04                SysTick_Handler
 .text.SVC_Setup
                0x000000000800cc24       0x12 ./Middlewares/Third_Party/FreeRTOS/Source/CMSIS_RTOS_V2/cmsis_os2.o
 *fill*         0x000000000800cc36        0x2 
 .text.osKernelInitialize
                0x000000000800cc38       0x48 ./Middlewares/Third_Party/FreeRTOS/Source/CMSIS_RTOS_V2/cmsis_os2.o
                0x000000000800cc38                osKernelInitialize
 .text.osKernelStart
                0x000000000800cc80       0x4c ./Middlewares/Third_Party/FreeRTOS/Source/CMSIS_RTOS_V2/cmsis_os2.o
                0x000000000800cc80                osKernelStart
 .text.osThreadNew
                0x000000000800cccc      0x124 ./Middlewares/Third_Party/FreeRTOS/Source/CMSIS_RTOS_V2/cmsis_os2.o
                0x000000000800cccc                osThreadNew
 .text.vApplicationGetIdleTaskMemory
                0x000000000800cdf0       0x34 ./Middlewares/Third_Party/FreeRTOS/Source/CMSIS_RTOS_V2/cmsis_os2.o
                0x000000000800cdf0                vApplicationGetIdleTaskMemory
 .text.vApplicationGetTimerTaskMemory
                0x000000000800ce24       0x34 ./Middlewares/Third_Party/FreeRTOS/Source/CMSIS_RTOS_V2/cmsis_os2.o
                0x000000000800ce24                vApplicationGetTimerTaskMemory
 .text.vListInitialise
                0x000000000800ce58       0x40 ./Middlewares/Third_Party/FreeRTOS/Source/list.o
                0x000000000800ce58                vListInitialise
 .text.vListInitialiseItem
                0x000000000800ce98       0x1a ./Middlewares/Third_Party/FreeRTOS/Source/list.o
                0x000000000800ce98                vListInitialiseItem
 .text.vListInsertEnd
                0x000000000800ceb2       0x48 ./Middlewares/Third_Party/FreeRTOS/Source/list.o
                0x000000000800ceb2                vListInsertEnd
 .text.vListInsert
                0x000000000800cefa       0x72 ./Middlewares/Third_Party/FreeRTOS/Source/list.o
                0x000000000800cefa                vListInsert
 .text.uxListRemove
                0x000000000800cf6c       0x54 ./Middlewares/Third_Party/FreeRTOS/Source/list.o
                0x000000000800cf6c                uxListRemove
 .text.xQueueGenericReset
                0x000000000800cfc0       0xd0 ./Middlewares/Third_Party/FreeRTOS/Source/queue.o
                0x000000000800cfc0                xQueueGenericReset
 .text.xQueueGenericCreateStatic
                0x000000000800d090       0xf0 ./Middlewares/Third_Party/FreeRTOS/Source/queue.o
                0x000000000800d090                xQueueGenericCreateStatic
 .text.xQueueGenericCreate
                0x000000000800d180       0x74 ./Middlewares/Third_Party/FreeRTOS/Source/queue.o
                0x000000000800d180                xQueueGenericCreate
 .text.prvInitialiseNewQueue
                0x000000000800d1f4       0x46 ./Middlewares/Third_Party/FreeRTOS/Source/queue.o
 *fill*         0x000000000800d23a        0x2 
 .text.xQueueGenericSend
                0x000000000800d23c      0x1fc ./Middlewares/Third_Party/FreeRTOS/Source/queue.o
                0x000000000800d23c                xQueueGenericSend
 .text.xQueueGenericSendFromISR
                0x000000000800d438      0x136 ./Middlewares/Third_Party/FreeRTOS/Source/queue.o
                0x000000000800d438                xQueueGenericSendFromISR
 *fill*         0x000000000800d56e        0x2 
 .text.xQueueReceive
                0x000000000800d570      0x1c0 ./Middlewares/Third_Party/FreeRTOS/Source/queue.o
                0x000000000800d570                xQueueReceive
 .text.xQueueSemaphoreTake
                0x000000000800d730      0x218 ./Middlewares/Third_Party/FreeRTOS/Source/queue.o
                0x000000000800d730                xQueueSemaphoreTake
 .text.prvGetDisinheritPriorityAfterTimeout
                0x000000000800d948       0x30 ./Middlewares/Third_Party/FreeRTOS/Source/queue.o
 .text.prvCopyDataToQueue
                0x000000000800d978       0xd4 ./Middlewares/Third_Party/FreeRTOS/Source/queue.o
 .text.prvCopyDataFromQueue
                0x000000000800da4c       0x4c ./Middlewares/Third_Party/FreeRTOS/Source/queue.o
 .text.prvUnlockQueue
                0x000000000800da98       0xa4 ./Middlewares/Third_Party/FreeRTOS/Source/queue.o
 .text.prvIsQueueEmpty
                0x000000000800db3c       0x2c ./Middlewares/Third_Party/FreeRTOS/Source/queue.o
 .text.prvIsQueueFull
                0x000000000800db68       0x30 ./Middlewares/Third_Party/FreeRTOS/Source/queue.o
 .text.vQueueAddToRegistry
                0x000000000800db98       0x54 ./Middlewares/Third_Party/FreeRTOS/Source/queue.o
                0x000000000800db98                vQueueAddToRegistry
 .text.vQueueWaitForMessageRestricted
                0x000000000800dbec       0x68 ./Middlewares/Third_Party/FreeRTOS/Source/queue.o
                0x000000000800dbec                vQueueWaitForMessageRestricted
 .text.xTaskCreateStatic
                0x000000000800dc54       0xba ./Middlewares/Third_Party/FreeRTOS/Source/tasks.o
                0x000000000800dc54                xTaskCreateStatic
 .text.xTaskCreate
                0x000000000800dd0e       0x8a ./Middlewares/Third_Party/FreeRTOS/Source/tasks.o
                0x000000000800dd0e                xTaskCreate
 .text.prvInitialiseNewTask
                0x000000000800dd98      0x14c ./Middlewares/Third_Party/FreeRTOS/Source/tasks.o
 .text.prvAddNewTaskToReadyList
                0x000000000800dee4       0xe0 ./Middlewares/Third_Party/FreeRTOS/Source/tasks.o
 .text.vTaskDelayUntil
                0x000000000800dfc4       0xfc ./Middlewares/Third_Party/FreeRTOS/Source/tasks.o
                0x000000000800dfc4                vTaskDelayUntil
 .text.vTaskDelay
                0x000000000800e0c0       0x68 ./Middlewares/Third_Party/FreeRTOS/Source/tasks.o
                0x000000000800e0c0                vTaskDelay
 .text.vTaskStartScheduler
                0x000000000800e128       0xe0 ./Middlewares/Third_Party/FreeRTOS/Source/tasks.o
                0x000000000800e128                vTaskStartScheduler
 .text.vTaskSuspendAll
                0x000000000800e208       0x1c ./Middlewares/Third_Party/FreeRTOS/Source/tasks.o
                0x000000000800e208                vTaskSuspendAll
 .text.xTaskResumeAll
                0x000000000800e224      0x13c ./Middlewares/Third_Party/FreeRTOS/Source/tasks.o
                0x000000000800e224                xTaskResumeAll
 .text.xTaskGetTickCount
                0x000000000800e360       0x20 ./Middlewares/Third_Party/FreeRTOS/Source/tasks.o
                0x000000000800e360                xTaskGetTickCount
 .text.xTaskIncrementTick
                0x000000000800e380      0x174 ./Middlewares/Third_Party/FreeRTOS/Source/tasks.o
                0x000000000800e380                xTaskIncrementTick
 .text.vTaskSwitchContext
                0x000000000800e4f4       0xc8 ./Middlewares/Third_Party/FreeRTOS/Source/tasks.o
                0x000000000800e4f4                vTaskSwitchContext
 .text.vTaskPlaceOnEventList
                0x000000000800e5bc       0x48 ./Middlewares/Third_Party/FreeRTOS/Source/tasks.o
                0x000000000800e5bc                vTaskPlaceOnEventList
 .text.vTaskPlaceOnEventListRestricted
                0x000000000800e604       0x58 ./Middlewares/Third_Party/FreeRTOS/Source/tasks.o
                0x000000000800e604                vTaskPlaceOnEventListRestricted
 .text.xTaskRemoveFromEventList
                0x000000000800e65c       0xc8 ./Middlewares/Third_Party/FreeRTOS/Source/tasks.o
                0x000000000800e65c                xTaskRemoveFromEventList
 .text.vTaskInternalSetTimeOutState
                0x000000000800e724       0x2c ./Middlewares/Third_Party/FreeRTOS/Source/tasks.o
                0x000000000800e724                vTaskInternalSetTimeOutState
 .text.xTaskCheckForTimeOut
                0x000000000800e750       0xc4 ./Middlewares/Third_Party/FreeRTOS/Source/tasks.o
                0x000000000800e750                xTaskCheckForTimeOut
 .text.vTaskMissedYield
                0x000000000800e814       0x18 ./Middlewares/Third_Party/FreeRTOS/Source/tasks.o
                0x000000000800e814                vTaskMissedYield
 .text.prvIdleTask
                0x000000000800e82c       0x30 ./Middlewares/Third_Party/FreeRTOS/Source/tasks.o
 .text.prvInitialiseTaskLists
                0x000000000800e85c       0x80 ./Middlewares/Third_Party/FreeRTOS/Source/tasks.o
 .text.prvCheckTasksWaitingTermination
                0x000000000800e8dc       0x5c ./Middlewares/Third_Party/FreeRTOS/Source/tasks.o
 .text.prvDeleteTCB
                0x000000000800e938       0x68 ./Middlewares/Third_Party/FreeRTOS/Source/tasks.o
 .text.prvResetNextTaskUnblockTime
                0x000000000800e9a0       0x40 ./Middlewares/Third_Party/FreeRTOS/Source/tasks.o
 .text.xTaskGetSchedulerState
                0x000000000800e9e0       0x3c ./Middlewares/Third_Party/FreeRTOS/Source/tasks.o
                0x000000000800e9e0                xTaskGetSchedulerState
 .text.xTaskPriorityInherit
                0x000000000800ea1c       0xd0 ./Middlewares/Third_Party/FreeRTOS/Source/tasks.o
                0x000000000800ea1c                xTaskPriorityInherit
 .text.xTaskPriorityDisinherit
                0x000000000800eaec       0xdc ./Middlewares/Third_Party/FreeRTOS/Source/tasks.o
                0x000000000800eaec                xTaskPriorityDisinherit
 .text.vTaskPriorityDisinheritAfterTimeout
                0x000000000800ebc8      0x104 ./Middlewares/Third_Party/FreeRTOS/Source/tasks.o
                0x000000000800ebc8                vTaskPriorityDisinheritAfterTimeout
 .text.pvTaskIncrementMutexHeldCount
                0x000000000800eccc       0x28 ./Middlewares/Third_Party/FreeRTOS/Source/tasks.o
                0x000000000800eccc                pvTaskIncrementMutexHeldCount
 .text.prvAddCurrentTaskToDelayedList
                0x000000000800ecf4       0xa8 ./Middlewares/Third_Party/FreeRTOS/Source/tasks.o
 .text.xTimerCreateTimerTask
                0x000000000800ed9c       0x90 ./Middlewares/Third_Party/FreeRTOS/Source/timers.o
                0x000000000800ed9c                xTimerCreateTimerTask
 .text.xTimerGenericCommand
                0x000000000800ee2c       0x9c ./Middlewares/Third_Party/FreeRTOS/Source/timers.o
                0x000000000800ee2c                xTimerGenericCommand
 .text.prvProcessExpiredTimer
                0x000000000800eec8       0x98 ./Middlewares/Third_Party/FreeRTOS/Source/timers.o
 .text.prvTimerTask
                0x000000000800ef60       0x24 ./Middlewares/Third_Party/FreeRTOS/Source/timers.o
 .text.prvProcessTimerOrBlockTask
                0x000000000800ef84       0x9c ./Middlewares/Third_Party/FreeRTOS/Source/timers.o
 .text.prvGetNextExpireTime
                0x000000000800f020       0x48 ./Middlewares/Third_Party/FreeRTOS/Source/timers.o
 .text.prvSampleTimeNow
                0x000000000800f068       0x40 ./Middlewares/Third_Party/FreeRTOS/Source/timers.o
 .text.prvInsertTimerInActiveList
                0x000000000800f0a8       0x84 ./Middlewares/Third_Party/FreeRTOS/Source/timers.o
 .text.prvProcessReceivedCommands
                0x000000000800f12c      0x1c4 ./Middlewares/Third_Party/FreeRTOS/Source/timers.o
 .text.prvSwitchTimerLists
                0x000000000800f2f0       0xc8 ./Middlewares/Third_Party/FreeRTOS/Source/timers.o
 .text.prvCheckForValidListAndQueue
                0x000000000800f3b8       0x80 ./Middlewares/Third_Party/FreeRTOS/Source/timers.o
 .text.pxPortInitialiseStack
                0x000000000800f438       0x68 ./Middlewares/Third_Party/FreeRTOS/Source/portable/GCC/ARM_CM4F/port.o
                0x000000000800f438                pxPortInitialiseStack
 .text.prvTaskExitError
                0x000000000800f4a0       0x58 ./Middlewares/Third_Party/FreeRTOS/Source/portable/GCC/ARM_CM4F/port.o
 *fill*         0x000000000800f4f8        0x8 
 .text.SVC_Handler
                0x000000000800f500       0x28 ./Middlewares/Third_Party/FreeRTOS/Source/portable/GCC/ARM_CM4F/port.o
                0x000000000800f500                SVC_Handler
 .text.prvPortStartFirstTask
                0x000000000800f528       0x28 ./Middlewares/Third_Party/FreeRTOS/Source/portable/GCC/ARM_CM4F/port.o
 .text.xPortStartScheduler
                0x000000000800f550      0x144 ./Middlewares/Third_Party/FreeRTOS/Source/portable/GCC/ARM_CM4F/port.o
                0x000000000800f550                xPortStartScheduler
 .text.vPortEnterCritical
                0x000000000800f694       0x60 ./Middlewares/Third_Party/FreeRTOS/Source/portable/GCC/ARM_CM4F/port.o
                0x000000000800f694                vPortEnterCritical
 .text.vPortExitCritical
                0x000000000800f6f4       0x54 ./Middlewares/Third_Party/FreeRTOS/Source/portable/GCC/ARM_CM4F/port.o
                0x000000000800f6f4                vPortExitCritical
 *fill*         0x000000000800f748        0x8 
 .text.PendSV_Handler
                0x000000000800f750       0x68 ./Middlewares/Third_Party/FreeRTOS/Source/portable/GCC/ARM_CM4F/port.o
                0x000000000800f750                PendSV_Handler
 .text.xPortSysTickHandler
                0x000000000800f7b8       0x44 ./Middlewares/Third_Party/FreeRTOS/Source/portable/GCC/ARM_CM4F/port.o
                0x000000000800f7b8                xPortSysTickHandler
 .text.vPortSetupTimerInterrupt
                0x000000000800f7fc       0x48 ./Middlewares/Third_Party/FreeRTOS/Source/portable/GCC/ARM_CM4F/port.o
                0x000000000800f7fc                vPortSetupTimerInterrupt
 .text.vPortEnableVFP
                0x000000000800f844       0x14 ./Middlewares/Third_Party/FreeRTOS/Source/portable/GCC/ARM_CM4F/port.o
 .text.vPortValidateInterruptPriority
                0x000000000800f858       0x80 ./Middlewares/Third_Party/FreeRTOS/Source/portable/GCC/ARM_CM4F/port.o
                0x000000000800f858                vPortValidateInterruptPriority
 .text.pvPortMalloc
                0x000000000800f8d8      0x198 ./Middlewares/Third_Party/FreeRTOS/Source/portable/MemMang/heap_4.o
                0x000000000800f8d8                pvPortMalloc
 .text.vPortFree
                0x000000000800fa70       0xc4 ./Middlewares/Third_Party/FreeRTOS/Source/portable/MemMang/heap_4.o
                0x000000000800fa70                vPortFree
 .text.prvHeapInit
                0x000000000800fb34       0xc4 ./Middlewares/Third_Party/FreeRTOS/Source/portable/MemMang/heap_4.o
 .text.prvInsertBlockIntoFreeList
                0x000000000800fbf8       0xb4 ./Middlewares/Third_Party/FreeRTOS/Source/portable/MemMang/heap_4.o
 .text.MX_USB_DEVICE_Init
                0x000000000800fcac       0x60 ./USB_DEVICE/App/usb_device.o
                0x000000000800fcac                MX_USB_DEVICE_Init
 .text.CDC_Init_FS
                0x000000000800fd0c       0x28 ./USB_DEVICE/App/usbd_cdc_if.o
 .text.CDC_DeInit_FS
                0x000000000800fd34       0x10 ./USB_DEVICE/App/usbd_cdc_if.o
 .text.CDC_Control_FS
                0x000000000800fd44       0xbc ./USB_DEVICE/App/usbd_cdc_if.o
 .text.CDC_Receive_FS
                0x000000000800fe00       0x28 ./USB_DEVICE/App/usbd_cdc_if.o
 .text.CDC_Transmit_FS
                0x000000000800fe28       0x4c ./USB_DEVICE/App/usbd_cdc_if.o
                0x000000000800fe28                CDC_Transmit_FS
 .text.CDC_TransmitCplt_FS
                0x000000000800fe74       0x22 ./USB_DEVICE/App/usbd_cdc_if.o
 *fill*         0x000000000800fe96        0x2 
 .text.USBD_FS_DeviceDescriptor
                0x000000000800fe98       0x24 ./USB_DEVICE/App/usbd_desc.o
                0x000000000800fe98                USBD_FS_DeviceDescriptor
 .text.USBD_FS_LangIDStrDescriptor
                0x000000000800febc       0x24 ./USB_DEVICE/App/usbd_desc.o
                0x000000000800febc                USBD_FS_LangIDStrDescriptor
 .text.USBD_FS_ProductStrDescriptor
                0x000000000800fee0       0x3c ./USB_DEVICE/App/usbd_desc.o
                0x000000000800fee0                USBD_FS_ProductStrDescriptor
 .text.USBD_FS_ManufacturerStrDescriptor
                0x000000000800ff1c       0x28 ./USB_DEVICE/App/usbd_desc.o
                0x000000000800ff1c                USBD_FS_ManufacturerStrDescriptor
 .text.USBD_FS_SerialStrDescriptor
                0x000000000800ff44       0x24 ./USB_DEVICE/App/usbd_desc.o
                0x000000000800ff44                USBD_FS_SerialStrDescriptor
 .text.USBD_FS_ConfigStrDescriptor
                0x000000000800ff68       0x3c ./USB_DEVICE/App/usbd_desc.o
                0x000000000800ff68                USBD_FS_ConfigStrDescriptor
 .text.USBD_FS_InterfaceStrDescriptor
                0x000000000800ffa4       0x3c ./USB_DEVICE/App/usbd_desc.o
                0x000000000800ffa4                USBD_FS_InterfaceStrDescriptor
 .text.Get_SerialNum
                0x000000000800ffe0       0x58 ./USB_DEVICE/App/usbd_desc.o
 .text.IntToUnicode
                0x0000000008010038       0x7e ./USB_DEVICE/App/usbd_desc.o
 *fill*         0x00000000080100b6        0x2 
 .text.HAL_PCD_MspInit
                0x00000000080100b8       0xa8 ./USB_DEVICE/Target/usbd_conf.o
                0x00000000080100b8                HAL_PCD_MspInit
 .text.HAL_PCD_SetupStageCallback
                0x0000000008010160       0x24 ./USB_DEVICE/Target/usbd_conf.o
                0x0000000008010160                HAL_PCD_SetupStageCallback
 .text.HAL_PCD_DataOutStageCallback
                0x0000000008010184       0x36 ./USB_DEVICE/Target/usbd_conf.o
                0x0000000008010184                HAL_PCD_DataOutStageCallback
 .text.HAL_PCD_DataInStageCallback
                0x00000000080101ba       0x34 ./USB_DEVICE/Target/usbd_conf.o
                0x00000000080101ba                HAL_PCD_DataInStageCallback
 .text.HAL_PCD_SOFCallback
                0x00000000080101ee       0x1c ./USB_DEVICE/Target/usbd_conf.o
                0x00000000080101ee                HAL_PCD_SOFCallback
 .text.HAL_PCD_ResetCallback
                0x000000000801020a       0x3c ./USB_DEVICE/Target/usbd_conf.o
                0x000000000801020a                HAL_PCD_ResetCallback
 *fill*         0x0000000008010246        0x2 
 .text.HAL_PCD_SuspendCallback
                0x0000000008010248       0x4c ./USB_DEVICE/Target/usbd_conf.o
                0x0000000008010248                HAL_PCD_SuspendCallback
 .text.HAL_PCD_ResumeCallback
                0x0000000008010294       0x1c ./USB_DEVICE/Target/usbd_conf.o
                0x0000000008010294                HAL_PCD_ResumeCallback
 .text.HAL_PCD_ISOOUTIncompleteCallback
                0x00000000080102b0       0x24 ./USB_DEVICE/Target/usbd_conf.o
                0x00000000080102b0                HAL_PCD_ISOOUTIncompleteCallback
 .text.HAL_PCD_ISOINIncompleteCallback
                0x00000000080102d4       0x24 ./USB_DEVICE/Target/usbd_conf.o
                0x00000000080102d4                HAL_PCD_ISOINIncompleteCallback
 .text.HAL_PCD_ConnectCallback
                0x00000000080102f8       0x1c ./USB_DEVICE/Target/usbd_conf.o
                0x00000000080102f8                HAL_PCD_ConnectCallback
 .text.HAL_PCD_DisconnectCallback
                0x0000000008010314       0x1c ./USB_DEVICE/Target/usbd_conf.o
                0x0000000008010314                HAL_PCD_DisconnectCallback
 .text.USBD_LL_Init
                0x0000000008010330       0x98 ./USB_DEVICE/Target/usbd_conf.o
                0x0000000008010330                USBD_LL_Init
 .text.USBD_LL_Start
                0x00000000080103c8       0x36 ./USB_DEVICE/Target/usbd_conf.o
                0x00000000080103c8                USBD_LL_Start
 .text.USBD_LL_OpenEP
                0x00000000080103fe       0x4c ./USB_DEVICE/Target/usbd_conf.o
                0x00000000080103fe                USBD_LL_OpenEP
 .text.USBD_LL_CloseEP
                0x000000000801044a       0x3e ./USB_DEVICE/Target/usbd_conf.o
                0x000000000801044a                USBD_LL_CloseEP
 .text.USBD_LL_StallEP
                0x0000000008010488       0x3e ./USB_DEVICE/Target/usbd_conf.o
                0x0000000008010488                USBD_LL_StallEP
 .text.USBD_LL_ClearStallEP
                0x00000000080104c6       0x3e ./USB_DEVICE/Target/usbd_conf.o
                0x00000000080104c6                USBD_LL_ClearStallEP
 .text.USBD_LL_IsStallEP
                0x0000000008010504       0x58 ./USB_DEVICE/Target/usbd_conf.o
                0x0000000008010504                USBD_LL_IsStallEP
 .text.USBD_LL_SetUSBAddress
                0x000000000801055c       0x3e ./USB_DEVICE/Target/usbd_conf.o
                0x000000000801055c                USBD_LL_SetUSBAddress
 .text.USBD_LL_Transmit
                0x000000000801059a       0x42 ./USB_DEVICE/Target/usbd_conf.o
                0x000000000801059a                USBD_LL_Transmit
 .text.USBD_LL_PrepareReceive
                0x00000000080105dc       0x42 ./USB_DEVICE/Target/usbd_conf.o
                0x00000000080105dc                USBD_LL_PrepareReceive
 .text.USBD_LL_GetRxDataSize
                0x000000000801061e       0x26 ./USB_DEVICE/Target/usbd_conf.o
                0x000000000801061e                USBD_LL_GetRxDataSize
 .text.USBD_static_malloc
                0x0000000008010644       0x1c ./USB_DEVICE/Target/usbd_conf.o
                0x0000000008010644                USBD_static_malloc
 .text.USBD_static_free
                0x0000000008010660       0x14 ./USB_DEVICE/Target/usbd_conf.o
                0x0000000008010660                USBD_static_free
 .text.USBD_Get_USB_Status
                0x0000000008010674       0x58 ./USB_DEVICE/Target/usbd_conf.o
                0x0000000008010674                USBD_Get_USB_Status
 .text.__errno  0x00000000080106cc        0xc d:/st/stm32cubeide_1.9.0/stm32cubeide/plugins/com.st.stm32cube.ide.mcu.externaltools.gnu-tools-for-stm32.10.3-2021.10.win32_1.0.0.202111181127/tools/bin/../lib/gcc/arm-none-eabi/10.3.1/../../../../arm-none-eabi/lib/thumb/v7e-m+fp/hard\libc_nano.a(lib_a-errno.o)
                0x00000000080106cc                __errno
 .text.__libc_init_array
                0x00000000080106d8       0x48 d:/st/stm32cubeide_1.9.0/stm32cubeide/plugins/com.st.stm32cube.ide.mcu.externaltools.gnu-tools-for-stm32.10.3-2021.10.win32_1.0.0.202111181127/tools/bin/../lib/gcc/arm-none-eabi/10.3.1/../../../../arm-none-eabi/lib/thumb/v7e-m+fp/hard\libc_nano.a(lib_a-init.o)
                0x00000000080106d8                __libc_init_array
 .text.__retarget_lock_acquire_recursive
                0x0000000008010720        0x2 d:/st/stm32cubeide_1.9.0/stm32cubeide/plugins/com.st.stm32cube.ide.mcu.externaltools.gnu-tools-for-stm32.10.3-2021.10.win32_1.0.0.202111181127/tools/bin/../lib/gcc/arm-none-eabi/10.3.1/../../../../arm-none-eabi/lib/thumb/v7e-m+fp/hard\libc_nano.a(lib_a-lock.o)
                0x0000000008010720                __retarget_lock_acquire_recursive
 .text.__retarget_lock_release_recursive
                0x0000000008010722        0x2 d:/st/stm32cubeide_1.9.0/stm32cubeide/plugins/com.st.stm32cube.ide.mcu.externaltools.gnu-tools-for-stm32.10.3-2021.10.win32_1.0.0.202111181127/tools/bin/../lib/gcc/arm-none-eabi/10.3.1/../../../../arm-none-eabi/lib/thumb/v7e-m+fp/hard\libc_nano.a(lib_a-lock.o)
                0x0000000008010722                __retarget_lock_release_recursive
 .text.memcpy   0x0000000008010724       0x1c d:/st/stm32cubeide_1.9.0/stm32cubeide/plugins/com.st.stm32cube.ide.mcu.externaltools.gnu-tools-for-stm32.10.3-2021.10.win32_1.0.0.202111181127/tools/bin/../lib/gcc/arm-none-eabi/10.3.1/../../../../arm-none-eabi/lib/thumb/v7e-m+fp/hard\libc_nano.a(lib_a-memcpy-stub.o)
                0x0000000008010724                memcpy
 .text.memset   0x0000000008010740       0x10 d:/st/stm32cubeide_1.9.0/stm32cubeide/plugins/com.st.stm32cube.ide.mcu.externaltools.gnu-tools-for-stm32.10.3-2021.10.win32_1.0.0.202111181127/tools/bin/../lib/gcc/arm-none-eabi/10.3.1/../../../../arm-none-eabi/lib/thumb/v7e-m+fp/hard\libc_nano.a(lib_a-memset.o)
                0x0000000008010740                memset
 .text.sbrk_aligned
                0x0000000008010750       0x40 d:/st/stm32cubeide_1.9.0/stm32cubeide/plugins/com.st.stm32cube.ide.mcu.externaltools.gnu-tools-for-stm32.10.3-2021.10.win32_1.0.0.202111181127/tools/bin/../lib/gcc/arm-none-eabi/10.3.1/../../../../arm-none-eabi/lib/thumb/v7e-m+fp/hard\libc_nano.a(lib_a-nano-mallocr.o)
 .text._malloc_r
                0x0000000008010790       0xe8 d:/st/stm32cubeide_1.9.0/stm32cubeide/plugins/com.st.stm32cube.ide.mcu.externaltools.gnu-tools-for-stm32.10.3-2021.10.win32_1.0.0.202111181127/tools/bin/../lib/gcc/arm-none-eabi/10.3.1/../../../../arm-none-eabi/lib/thumb/v7e-m+fp/hard\libc_nano.a(lib_a-nano-mallocr.o)
                0x0000000008010790                _malloc_r
 .text.cleanup_glue
                0x0000000008010878       0x1a d:/st/stm32cubeide_1.9.0/stm32cubeide/plugins/com.st.stm32cube.ide.mcu.externaltools.gnu-tools-for-stm32.10.3-2021.10.win32_1.0.0.202111181127/tools/bin/../lib/gcc/arm-none-eabi/10.3.1/../../../../arm-none-eabi/lib/thumb/v7e-m+fp/hard\libc_nano.a(lib_a-reent.o)
                0x0000000008010878                cleanup_glue
 *fill*         0x0000000008010892        0x2 
 .text._reclaim_reent
                0x0000000008010894       0xb8 d:/st/stm32cubeide_1.9.0/stm32cubeide/plugins/com.st.stm32cube.ide.mcu.externaltools.gnu-tools-for-stm32.10.3-2021.10.win32_1.0.0.202111181127/tools/bin/../lib/gcc/arm-none-eabi/10.3.1/../../../../arm-none-eabi/lib/thumb/v7e-m+fp/hard\libc_nano.a(lib_a-reent.o)
                0x0000000008010894                _reclaim_reent
 .text._sbrk_r  0x000000000801094c       0x20 d:/st/stm32cubeide_1.9.0/stm32cubeide/plugins/com.st.stm32cube.ide.mcu.externaltools.gnu-tools-for-stm32.10.3-2021.10.win32_1.0.0.202111181127/tools/bin/../lib/gcc/arm-none-eabi/10.3.1/../../../../arm-none-eabi/lib/thumb/v7e-m+fp/hard\libc_nano.a(lib_a-sbrkr.o)
                0x000000000801094c                _sbrk_r
 .text.sprintf  0x000000000801096c       0x40 d:/st/stm32cubeide_1.9.0/stm32cubeide/plugins/com.st.stm32cube.ide.mcu.externaltools.gnu-tools-for-stm32.10.3-2021.10.win32_1.0.0.202111181127/tools/bin/../lib/gcc/arm-none-eabi/10.3.1/../../../../arm-none-eabi/lib/thumb/v7e-m+fp/hard\libc_nano.a(lib_a-sprintf.o)
                0x000000000801096c                siprintf
                0x000000000801096c                sprintf
 .text.__malloc_lock
                0x00000000080109ac        0xc d:/st/stm32cubeide_1.9.0/stm32cubeide/plugins/com.st.stm32cube.ide.mcu.externaltools.gnu-tools-for-stm32.10.3-2021.10.win32_1.0.0.202111181127/tools/bin/../lib/gcc/arm-none-eabi/10.3.1/../../../../arm-none-eabi/lib/thumb/v7e-m+fp/hard\libc_nano.a(lib_a-mlock.o)
                0x00000000080109ac                __malloc_lock
 .text.__malloc_unlock
                0x00000000080109b8        0xc d:/st/stm32cubeide_1.9.0/stm32cubeide/plugins/com.st.stm32cube.ide.mcu.externaltools.gnu-tools-for-stm32.10.3-2021.10.win32_1.0.0.202111181127/tools/bin/../lib/gcc/arm-none-eabi/10.3.1/../../../../arm-none-eabi/lib/thumb/v7e-m+fp/hard\libc_nano.a(lib_a-mlock.o)
                0x00000000080109b8                __malloc_unlock
 .text._free_r  0x00000000080109c4       0x98 d:/st/stm32cubeide_1.9.0/stm32cubeide/plugins/com.st.stm32cube.ide.mcu.externaltools.gnu-tools-for-stm32.10.3-2021.10.win32_1.0.0.202111181127/tools/bin/../lib/gcc/arm-none-eabi/10.3.1/../../../../arm-none-eabi/lib/thumb/v7e-m+fp/hard\libc_nano.a(lib_a-nano-freer.o)
                0x00000000080109c4                _free_r
 .text.__ssputs_r
                0x0000000008010a5c       0xb6 d:/st/stm32cubeide_1.9.0/stm32cubeide/plugins/com.st.stm32cube.ide.mcu.externaltools.gnu-tools-for-stm32.10.3-2021.10.win32_1.0.0.202111181127/tools/bin/../lib/gcc/arm-none-eabi/10.3.1/../../../../arm-none-eabi/lib/thumb/v7e-m+fp/hard\libc_nano.a(lib_a-nano-svfprintf.o)
                0x0000000008010a5c                __ssputs_r
 *fill*         0x0000000008010b12        0x2 
 .text._svfprintf_r
                0x0000000008010b14      0x200 d:/st/stm32cubeide_1.9.0/stm32cubeide/plugins/com.st.stm32cube.ide.mcu.externaltools.gnu-tools-for-stm32.10.3-2021.10.win32_1.0.0.202111181127/tools/bin/../lib/gcc/arm-none-eabi/10.3.1/../../../../arm-none-eabi/lib/thumb/v7e-m+fp/hard\libc_nano.a(lib_a-nano-svfprintf.o)
                0x0000000008010b14                _svfiprintf_r
                0x0000000008010b14                _svfprintf_r
 .text._printf_common
                0x0000000008010d14       0xda d:/st/stm32cubeide_1.9.0/stm32cubeide/plugins/com.st.stm32cube.ide.mcu.externaltools.gnu-tools-for-stm32.10.3-2021.10.win32_1.0.0.202111181127/tools/bin/../lib/gcc/arm-none-eabi/10.3.1/../../../../arm-none-eabi/lib/thumb/v7e-m+fp/hard\libc_nano.a(lib_a-nano-vfprintf_i.o)
                0x0000000008010d14                _printf_common
 *fill*         0x0000000008010dee        0x2 
 .text._printf_i
                0x0000000008010df0      0x24c d:/st/stm32cubeide_1.9.0/stm32cubeide/plugins/com.st.stm32cube.ide.mcu.externaltools.gnu-tools-for-stm32.10.3-2021.10.win32_1.0.0.202111181127/tools/bin/../lib/gcc/arm-none-eabi/10.3.1/../../../../arm-none-eabi/lib/thumb/v7e-m+fp/hard\libc_nano.a(lib_a-nano-vfprintf_i.o)
                0x0000000008010df0                _printf_i
 .text.memmove  0x000000000801103c       0x34 d:/st/stm32cubeide_1.9.0/stm32cubeide/plugins/com.st.stm32cube.ide.mcu.externaltools.gnu-tools-for-stm32.10.3-2021.10.win32_1.0.0.202111181127/tools/bin/../lib/gcc/arm-none-eabi/10.3.1/../../../../arm-none-eabi/lib/thumb/v7e-m+fp/hard\libc_nano.a(lib_a-memmove.o)
                0x000000000801103c                memmove
 .text._realloc_r
                0x0000000008011070       0x5e d:/st/stm32cubeide_1.9.0/stm32cubeide/plugins/com.st.stm32cube.ide.mcu.externaltools.gnu-tools-for-stm32.10.3-2021.10.win32_1.0.0.202111181127/tools/bin/../lib/gcc/arm-none-eabi/10.3.1/../../../../arm-none-eabi/lib/thumb/v7e-m+fp/hard\libc_nano.a(lib_a-nano-reallocr.o)
                0x0000000008011070                _realloc_r
 .text._malloc_usable_size_r
                0x00000000080110ce       0x10 d:/st/stm32cubeide_1.9.0/stm32cubeide/plugins/com.st.stm32cube.ide.mcu.externaltools.gnu-tools-for-stm32.10.3-2021.10.win32_1.0.0.202111181127/tools/bin/../lib/gcc/arm-none-eabi/10.3.1/../../../../arm-none-eabi/lib/thumb/v7e-m+fp/hard\libc_nano.a(lib_a-nano-msizer.o)
                0x00000000080110ce                _malloc_usable_size_r
 *(.glue_7)
 .glue_7        0x00000000080110de        0x0 linker stubs
 *(.glue_7t)
 .glue_7t       0x00000000080110de        0x0 linker stubs
 *(.eh_frame)
 *fill*         0x00000000080110de        0x2 
 .eh_frame      0x00000000080110e0        0x0 d:/st/stm32cubeide_1.9.0/stm32cubeide/plugins/com.st.stm32cube.ide.mcu.externaltools.gnu-tools-for-stm32.10.3-2021.10.win32_1.0.0.202111181127/tools/bin/../lib/gcc/arm-none-eabi/10.3.1/thumb/v7e-m+fp/hard/crtbegin.o
 *(.init)
 .init          0x00000000080110e0        0x4 d:/st/stm32cubeide_1.9.0/stm32cubeide/plugins/com.st.stm32cube.ide.mcu.externaltools.gnu-tools-for-stm32.10.3-2021.10.win32_1.0.0.202111181127/tools/bin/../lib/gcc/arm-none-eabi/10.3.1/thumb/v7e-m+fp/hard/crti.o
                0x00000000080110e0                _init
 .init          0x00000000080110e4        0x8 d:/st/stm32cubeide_1.9.0/stm32cubeide/plugins/com.st.stm32cube.ide.mcu.externaltools.gnu-tools-for-stm32.10.3-2021.10.win32_1.0.0.202111181127/tools/bin/../lib/gcc/arm-none-eabi/10.3.1/thumb/v7e-m+fp/hard/crtn.o
 *(.fini)
 .fini          0x00000000080110ec        0x4 d:/st/stm32cubeide_1.9.0/stm32cubeide/plugins/com.st.stm32cube.ide.mcu.externaltools.gnu-tools-for-stm32.10.3-2021.10.win32_1.0.0.202111181127/tools/bin/../lib/gcc/arm-none-eabi/10.3.1/thumb/v7e-m+fp/hard/crti.o
                0x00000000080110ec                _fini
 .fini          0x00000000080110f0        0x8 d:/st/stm32cubeide_1.9.0/stm32cubeide/plugins/com.st.stm32cube.ide.mcu.externaltools.gnu-tools-for-stm32.10.3-2021.10.win32_1.0.0.202111181127/tools/bin/../lib/gcc/arm-none-eabi/10.3.1/thumb/v7e-m+fp/hard/crtn.o
                0x00000000080110f8                . = ALIGN (0x4)
                0x00000000080110f8                _etext = .

.vfp11_veneer   0x00000000080110f8        0x0
 .vfp11_veneer  0x00000000080110f8        0x0 linker stubs

.v4_bx          0x00000000080110f8        0x0
 .v4_bx         0x00000000080110f8        0x0 linker stubs

.iplt           0x00000000080110f8        0x0
 .iplt          0x00000000080110f8        0x0 d:/st/stm32cubeide_1.9.0/stm32cubeide/plugins/com.st.stm32cube.ide.mcu.externaltools.gnu-tools-for-stm32.10.3-2021.10.win32_1.0.0.202111181127/tools/bin/../lib/gcc/arm-none-eabi/10.3.1/thumb/v7e-m+fp/hard/crtbegin.o

.rodata         0x00000000080110f8      0x83c
                0x00000000080110f8                . = ALIGN (0x4)
 *(.rodata)
 .rodata        0x00000000080110f8      0x218 ./Core/Src/SDcard.o
 .rodata        0x0000000008011310       0x52 ./Core/Src/freertos.o
 *fill*         0x0000000008011362        0x2 
 .rodata        0x0000000008011364       0x48 ./Middlewares/Third_Party/FatFs/src/ff.o
 .rodata        0x00000000080113ac        0x5 ./Middlewares/Third_Party/FreeRTOS/Source/tasks.o
 *fill*         0x00000000080113b1        0x3 
 .rodata        0x00000000080113b4        0xd ./Middlewares/Third_Party/FreeRTOS/Source/timers.o
 *fill*         0x00000000080113c1        0x3 
 .rodata        0x00000000080113c4       0x46 ./USB_DEVICE/App/usbd_desc.o
 *(.rodata*)
 *fill*         0x000000000801140a        0x2 
 .rodata.one_1  0x000000000801140c        0x2 ./Core/Src/freertos.o
 *fill*         0x000000000801140e        0x2 
 .rodata.one_10
                0x0000000008011410        0x3 ./Core/Src/freertos.o
 *fill*         0x0000000008011413        0x1 
 .rodata.three_10
                0x0000000008011414        0x5 ./Core/Src/freertos.o
 *fill*         0x0000000008011419        0x3 
 .rodata.three_100
                0x000000000801141c        0x2 ./Core/Src/freertos.o
 *fill*         0x000000000801141e        0x2 
 .rodata.three_ap
                0x0000000008011420        0x3 ./Core/Src/freertos.o
 *fill*         0x0000000008011423        0x1 
 .rodata.defaultTask_attributes
                0x0000000008011424       0x24 ./Core/Src/freertos.o
                0x0000000008011424                defaultTask_attributes
 .rodata.AHBPrescTable
                0x0000000008011448       0x10 ./Core/Src/system_stm32f4xx.o
                0x0000000008011448                AHBPrescTable
 .rodata.APBPrescTable
                0x0000000008011458        0x8 ./Core/Src/system_stm32f4xx.o
                0x0000000008011458                APBPrescTable
 .rodata.ExCvt  0x0000000008011460       0x80 ./Middlewares/Third_Party/FatFs/src/ff.o
 .rodata.LfnOfs
                0x00000000080114e0        0xd ./Middlewares/Third_Party/FatFs/src/ff.o
 *fill*         0x00000000080114ed        0x3 
 .rodata.Tbl    0x00000000080114f0      0x100 ./Middlewares/Third_Party/FatFs/src/option/ccsbcs.o
 .rodata.cvt1.1
                0x00000000080115f0      0x1f2 ./Middlewares/Third_Party/FatFs/src/option/ccsbcs.o
 *fill*         0x00000000080117e2        0x2 
 .rodata.cvt2.0
                0x00000000080117e4       0xbc ./Middlewares/Third_Party/FatFs/src/option/ccsbcs.o
 .rodata.__sf_fake_stderr
                0x00000000080118a0       0x20 d:/st/stm32cubeide_1.9.0/stm32cubeide/plugins/com.st.stm32cube.ide.mcu.externaltools.gnu-tools-for-stm32.10.3-2021.10.win32_1.0.0.202111181127/tools/bin/../lib/gcc/arm-none-eabi/10.3.1/../../../../arm-none-eabi/lib/thumb/v7e-m+fp/hard\libc_nano.a(lib_a-findfp.o)
                0x00000000080118a0                __sf_fake_stderr
 .rodata.__sf_fake_stdin
                0x00000000080118c0       0x20 d:/st/stm32cubeide_1.9.0/stm32cubeide/plugins/com.st.stm32cube.ide.mcu.externaltools.gnu-tools-for-stm32.10.3-2021.10.win32_1.0.0.202111181127/tools/bin/../lib/gcc/arm-none-eabi/10.3.1/../../../../arm-none-eabi/lib/thumb/v7e-m+fp/hard\libc_nano.a(lib_a-findfp.o)
                0x00000000080118c0                __sf_fake_stdin
 .rodata.__sf_fake_stdout
                0x00000000080118e0       0x20 d:/st/stm32cubeide_1.9.0/stm32cubeide/plugins/com.st.stm32cube.ide.mcu.externaltools.gnu-tools-for-stm32.10.3-2021.10.win32_1.0.0.202111181127/tools/bin/../lib/gcc/arm-none-eabi/10.3.1/../../../../arm-none-eabi/lib/thumb/v7e-m+fp/hard\libc_nano.a(lib_a-findfp.o)
                0x00000000080118e0                __sf_fake_stdout
 .rodata._svfprintf_r.str1.1
                0x0000000008011900       0x11 d:/st/stm32cubeide_1.9.0/stm32cubeide/plugins/com.st.stm32cube.ide.mcu.externaltools.gnu-tools-for-stm32.10.3-2021.10.win32_1.0.0.202111181127/tools/bin/../lib/gcc/arm-none-eabi/10.3.1/../../../../arm-none-eabi/lib/thumb/v7e-m+fp/hard\libc_nano.a(lib_a-nano-svfprintf.o)
 .rodata._printf_i.str1.1
                0x0000000008011911       0x22 d:/st/stm32cubeide_1.9.0/stm32cubeide/plugins/com.st.stm32cube.ide.mcu.externaltools.gnu-tools-for-stm32.10.3-2021.10.win32_1.0.0.202111181127/tools/bin/../lib/gcc/arm-none-eabi/10.3.1/../../../../arm-none-eabi/lib/thumb/v7e-m+fp/hard\libc_nano.a(lib_a-nano-vfprintf_i.o)
                0x0000000008011934                . = ALIGN (0x4)
 *fill*         0x0000000008011933        0x1 

.ARM.extab      0x0000000008011934        0x0
                0x0000000008011934                . = ALIGN (0x4)
 *(.ARM.extab* .gnu.linkonce.armextab.*)
                0x0000000008011934                . = ALIGN (0x4)

.ARM            0x0000000008011934        0x8
                0x0000000008011934                . = ALIGN (0x4)
                0x0000000008011934                __exidx_start = .
 *(.ARM.exidx*)
 .ARM.exidx     0x0000000008011934        0x8 d:/st/stm32cubeide_1.9.0/stm32cubeide/plugins/com.st.stm32cube.ide.mcu.externaltools.gnu-tools-for-stm32.10.3-2021.10.win32_1.0.0.202111181127/tools/bin/../lib/gcc/arm-none-eabi/10.3.1/thumb/v7e-m+fp/hard\libgcc.a(_udivmoddi4.o)
                0x000000000801193c                __exidx_end = .
                0x000000000801193c                . = ALIGN (0x4)

.rel.dyn        0x000000000801193c        0x0